Component: Arm Compiler for Embedded 6.19 Tool: armlink [5e73cb00]

==============================================================================

Section Cross References

    delay.o(.ARM.exidx.text.Fn_DELAY_Short) refers to delay.o(.text.Fn_DELAY_Short) for [Anonymous Symbol]
    delay.o(.ARM.exidx.text.Fn_DELAY_Long) refers to delay.o(.text.Fn_DELAY_Long) for [Anonymous Symbol]
    delay.o(.text.Fn_DELAY_Init) refers to delay.o(.bss.fac_us) for fac_us
    delay.o(.text.Fn_DELAY_Init) refers to delay.o(.bss.fac_ms) for fac_ms
    delay.o(.ARM.exidx.text.Fn_DELAY_Init) refers to delay.o(.text.Fn_DELAY_Init) for [Anonymous Symbol]
    delay.o(.text.Fn_DELAY_ms) refers to delay.o(.bss.fac_ms) for fac_ms
    delay.o(.ARM.exidx.text.Fn_DELAY_ms) refers to delay.o(.text.Fn_DELAY_ms) for [Anonymous Symbol]
    delay.o(.text.Fn_DELAY_us) refers to delay.o(.bss.fac_us) for fac_us
    delay.o(.ARM.exidx.text.Fn_DELAY_us) refers to delay.o(.text.Fn_DELAY_us) for [Anonymous Symbol]
    dht11.o(.text.ddelay_ms) refers to stm32f10x_rcc.o(.text.RCC_GetClocksFreq) for RCC_GetClocksFreq
    dht11.o(.ARM.exidx.text.ddelay_ms) refers to dht11.o(.text.ddelay_ms) for [Anonymous Symbol]
    dht11.o(.text.ddelay_us) refers to stm32f10x_rcc.o(.text.RCC_GetClocksFreq) for RCC_GetClocksFreq
    dht11.o(.ARM.exidx.text.ddelay_us) refers to dht11.o(.text.ddelay_us) for [Anonymous Symbol]
    dht11.o(.text.DHT11_Init) refers to stm32f10x_rcc.o(.text.RCC_APB2PeriphClockCmd) for RCC_APB2PeriphClockCmd
    dht11.o(.text.DHT11_Init) refers to stm32f10x_gpio.o(.text.GPIO_Init) for GPIO_Init
    dht11.o(.text.DHT11_Init) refers to dht11.o(.text.DHT11_Rst) for DHT11_Rst
    dht11.o(.text.DHT11_Init) refers to dht11.o(.text.DHT11_Check) for DHT11_Check
    dht11.o(.ARM.exidx.text.DHT11_Init) refers to dht11.o(.text.DHT11_Init) for [Anonymous Symbol]
    dht11.o(.text.DHT11_Rst) refers to stm32f10x_rcc.o(.text.RCC_GetClocksFreq) for RCC_GetClocksFreq
    dht11.o(.ARM.exidx.text.DHT11_Rst) refers to dht11.o(.text.DHT11_Rst) for [Anonymous Symbol]
    dht11.o(.text.DHT11_Check) refers to stm32f10x_rcc.o(.text.RCC_GetClocksFreq) for RCC_GetClocksFreq
    dht11.o(.ARM.exidx.text.DHT11_Check) refers to dht11.o(.text.DHT11_Check) for [Anonymous Symbol]
    dht11.o(.text.DHT11_Read_Bit) refers to stm32f10x_rcc.o(.text.RCC_GetClocksFreq) for RCC_GetClocksFreq
    dht11.o(.ARM.exidx.text.DHT11_Read_Bit) refers to dht11.o(.text.DHT11_Read_Bit) for [Anonymous Symbol]
    dht11.o(.text.DHT11_Read_Byte) refers to dht11.o(.text.DHT11_Read_Bit) for DHT11_Read_Bit
    dht11.o(.ARM.exidx.text.DHT11_Read_Byte) refers to dht11.o(.text.DHT11_Read_Byte) for [Anonymous Symbol]
    dht11.o(.text.DHT11_Read_Data) refers to dht11.o(.text.DHT11_Rst) for DHT11_Rst
    dht11.o(.text.DHT11_Read_Data) refers to dht11.o(.text.DHT11_Check) for DHT11_Check
    dht11.o(.text.DHT11_Read_Data) refers to dht11.o(.text.DHT11_Read_Bit) for DHT11_Read_Bit
    dht11.o(.ARM.exidx.text.DHT11_Read_Data) refers to dht11.o(.text.DHT11_Read_Data) for [Anonymous Symbol]
    main.o(.text) refers (Special) to _printf_percent.o(.ARM.Collect$$_printf_percent$$00000000) for _printf_percent
    main.o(.text) refers (Special) to _printf_d.o(.ARM.Collect$$_printf_percent$$00000009) for _printf_d
    main.o(.text) refers (Special) to _printf_dec.o(.text) for _printf_int_dec
    main.o(.text.main) refers (Special) to _printf_percent.o(.ARM.Collect$$_printf_percent$$00000000) for _printf_percent
    main.o(.text.main) refers (Special) to _printf_d.o(.ARM.Collect$$_printf_percent$$00000009) for _printf_d
    main.o(.text.main) refers (Special) to _printf_dec.o(.text) for _printf_int_dec
    main.o(.text.main) refers to queue.o(.text.xQueueGenericCreate) for xQueueGenericCreate
    main.o(.text.main) refers to main.o(.bss.xQueue) for xQueue
    main.o(.text.main) refers to main.o(.text.SYS_Init) for SYS_Init
    main.o(.text.main) refers to i2c_lcd.o(.text.I2C_LCD_Init) for I2C_LCD_Init
    main.o(.text.main) refers to i2c_lcd.o(.text.I2C_LCD_BackLight) for I2C_LCD_BackLight
    main.o(.text.main) refers to main.o(.text.TaskReadSensor) for TaskReadSensor
    main.o(.text.main) refers to tasks.o(.text.xTaskCreate) for xTaskCreate
    main.o(.text.main) refers to main.o(.rodata.str1.1) for .L.str.1
    main.o(.text.main) refers to main.o(.text.TaskSendSensor) for TaskSendSensor
    main.o(.text.main) refers to main.o(.text.TaskGetControl) for TaskGetControl
    main.o(.text.main) refers to tasks.o(.text.vTaskStartScheduler) for vTaskStartScheduler
    main.o(.ARM.exidx.text.main) refers (Special) to _printf_percent.o(.ARM.Collect$$_printf_percent$$00000000) for _printf_percent
    main.o(.ARM.exidx.text.main) refers (Special) to _printf_d.o(.ARM.Collect$$_printf_percent$$00000009) for _printf_d
    main.o(.ARM.exidx.text.main) refers (Special) to _printf_dec.o(.text) for _printf_int_dec
    main.o(.ARM.exidx.text.main) refers to main.o(.text.main) for [Anonymous Symbol]
[...]
    [Anonymous Symbol]                       0x080007a8   Section        0  stm32f10x_adc.o(.text.ADC_ResetCalibration)
    [Anonymous Symbol]                       0x080007b4   Section        0  stm32f10x_adc.o(.text.ADC_SoftwareStartInjectedConvCmd)
    [Anonymous Symbol]                       0x080007c8   Section        0  stm32f10x_adc.o(.text.ADC_StartCalibration)
    [Anonymous Symbol]                       0x080007d4   Section        0  dht11.o(.text.DHT11_Check)
    [Anonymous Symbol]                       0x08000884   Section        0  dht11.o(.text.DHT11_Init)
    [Anonymous Symbol]                       0x080008c0   Section        0  dht11.o(.text.DHT11_Read_Bit)
    [Anonymous Symbol]                       0x08000968   Section        0  dht11.o(.text.DHT11_Read_Data)
    [Anonymous Symbol]                       0x080009d8   Section        0  dht11.o(.text.DHT11_Rst)
    [Anonymous Symbol]                       0x08000a60   Section        0  delay.o(.text.Fn_DELAY_Init)
    [Anonymous Symbol]                       0x08000a90   Section        0  stm32f10x_gpio.o(.text.GPIO_Init)
    [Anonymous Symbol]                       0x08000b50   Section        0  stm32f10x_gpio.o(.text.GPIO_ReadInputDataBit)
    [Anonymous Symbol]                       0x08000b5c   Section        0  stm32f10x_gpio.o(.text.GPIO_ResetBits)
    [Anonymous Symbol]                       0x08000b60   Section        0  stm32f10x_gpio.o(.text.GPIO_SetBits)
    [Anonymous Symbol]                       0x08000b64   Section        0  stm32f10x_gpio.o(.text.GPIO_WriteBit)
    [Anonymous Symbol]                       0x08000b70   Section        0  i2c_lcd.o(.text.I2C_LCD_BackLight)
    [Anonymous Symbol]                       0x08000bb0   Section        0  i2c_lcd.o(.text.I2C_LCD_Clear)
    [Anonymous Symbol]                       0x08000bb8   Section        0  i2c_lcd.o(.text.I2C_LCD_Init)
    [Anonymous Symbol]                       0x08000e04   Section        0  i2c_lcd.o(.text.I2C_LCD_NewLine)
    [Anonymous Symbol]                       0x08000e0c   Section        0  i2c_lcd.o(.text.I2C_LCD_Puts)
    I2C_LCD_WriteCmd                         0x08000e29   Thumb Code   128  i2c_lcd.o(.text.I2C_LCD_WriteCmd)
    [Anonymous Symbol]                       0x08000e28   Section        0  i2c_lcd.o(.text.I2C_LCD_WriteCmd)
    I2C_LCD_Write_4bit                       0x08000ea9   Thumb Code   132  i2c_lcd.o(.text.I2C_LCD_Write_4bit)
    [Anonymous Symbol]                       0x08000ea8   Section        0  i2c_lcd.o(.text.I2C_LCD_Write_4bit)
    [Anonymous Symbol]                       0x08000f2c   Section        0  i2c.o(.text.I2C_Read)
    [Anonymous Symbol]                       0x08000f7c   Section        0  i2c.o(.text.I2C_Write)
    [Anonymous Symbol]                       0x08000fbc   Section        0  uart.o(.text.INIT_UART_1)
    [Anonymous Symbol]                       0x08001034   Section        0  uart.o(.text.INIT_UART_3)
    [Anonymous Symbol]                       0x080010a0   Section        0  i2c_lcd.o(.text.LCD_WaitBusy)
    [Anonymous Symbol]                       0x0800120c   Section        0  i2c_lcd.o(.text.LCD_Write_Chr)
    [Anonymous Symbol]                       0x0800128c   Section        0  i2c.o(.text.My_I2C_Init)
    [Anonymous Symbol]                       0x080012d0   Section        0  port.o(.text.PendSV_Handler)
    pxCurrentTCBConst                        0x08001310   Number         0  port.o(.text.PendSV_Handler)
    [Anonymous Symbol]                       0x08001314   Section        0  stm32f10x_rcc.o(.text.RCC_ADCCLKConfig)
    [Anonymous Symbol]                       0x08001328   Section        0  stm32f10x_rcc.o(.text.RCC_APB2PeriphClockCmd)
    [Anonymous Symbol]                       0x08001340   Section        0  stm32f10x_rcc.o(.text.RCC_GetClocksFreq)
    [Anonymous Symbol]                       0x080013e0   Section        0  port.o(.text.SVC_Handler)
    pxCurrentTCBConst2                       0x08001400   Number         0  port.o(.text.SVC_Handler)
    [Anonymous Symbol]                       0x08001404   Section        0  main.o(.text.SYS_Init)
    [Anonymous Symbol]                       0x08001460   Section        0  cmsis_os2.o(.text.SysTick_Handler)
    [Anonymous Symbol]                       0x08001480   Section        0  system_stm32f10x.o(.text.SystemCoreClockUpdate)
    [Anonymous Symbol]                       0x080014f0   Section        0  system_stm32f10x.o(.text.SystemInit)
    [Anonymous Symbol]                       0x08001600   Section        0  main.o(.text.TaskGetControl)
    [Anonymous Symbol]                       0x08001644   Section        0  main.o(.text.TaskReadSensor)
    [Anonymous Symbol]                       0x08001758   Section        0  main.o(.text.TaskSendSensor)
    [Anonymous Symbol]                       0x080017dc   Section        0  uart.o(.text.UART1_SendString)
    [Anonymous Symbol]                       0x08001800   Section        0  uart.o(.text.USART1_IRQHandler)
    [Anonymous Symbol]                       0x08001850   Section        0  uart.o(.text.USART2_IRQHandler)
    [Anonymous Symbol]                       0x080018a0   Section        0  uart.o(.text.USART3_IRQHandler)
    __tagsym$$used.1                         0x080018f0   Number         0  clib_arm.o(.text._mutex_acquire)
    [Anonymous Symbol]                       0x080018f0   Section        0  clib_arm.o(.text._mutex_acquire)
    __tagsym$$used.3                         0x08001914   Number         0  clib_arm.o(.text._mutex_free)
    [Anonymous Symbol]                       0x08001914   Section        0  clib_arm.o(.text._mutex_free)
    __tagsym$$used.0                         0x08001944   Number         0  clib_arm.o(.text._mutex_initialize)
    [Anonymous Symbol]                       0x08001944   Section        0  clib_arm.o(.text._mutex_initialize)
    __tagsym$$used.2                         0x080019a0   Number         0  clib_arm.o(.text._mutex_release)
    [Anonymous Symbol]                       0x080019a0   Section        0  clib_arm.o(.text._mutex_release)
    [Anonymous Symbol]                       0x080019c8   Section        0  clib_arm.o(.text._platform_post_stackheap_init)
    [Anonymous Symbol]                       0x080019cc   Section        0  i2c.o(.text.delay_ms)
    [Anonymous Symbol]                       0x08001a00   Section        0  i2c.o(.text.i2c_read)
    [Anonymous Symbol]                       0x08001b64   Section        0  i2c.o(.text.i2c_start)
    [Anonymous Symbol]                       0x08001c20   Section        0  i2c.o(.text.i2c_stop)
    [Anonymous Symbol]                       0x08001cb4   Section        0  i2c.o(.text.i2c_write)
    [Anonymous Symbol]                       0x08001e1c   Section        0  main.o(.text.main)
    prvAddCurrentTaskToDelayedList           0x08001ea9   Thumb Code   166  tasks.o(.text.prvAddCurrentTaskToDelayedList)
    [Anonymous Symbol]                       0x08001ea8   Section        0  tasks.o(.text.prvAddCurrentTaskToDelayedList)
    prvAddNewTaskToReadyList                 0x08001f51   Thumb Code   306  tasks.o(.text.prvAddNewTaskToReadyList)
    [Anonymous Symbol]                       0x08001f50   Section        0  tasks.o(.text.prvAddNewTaskToReadyList)
    prvIdleTask                              0x08002085   Thumb Code   130  tasks.o(.text.prvIdleTask)
    [Anonymous Symbol]                       0x08002084   Section        0  tasks.o(.text.prvIdleTask)
    prvPortStartFirstTask                    0x08002109   Thumb Code    32  port.o(.text.prvPortStartFirstTask)
    [Anonymous Symbol]                       0x08002108   Section        0  port.o(.text.prvPortStartFirstTask)
    prvProcessExpiredTimer                   0x08002129   Thumb Code   130  timers.o(.text.prvProcessExpiredTimer)
    [Anonymous Symbol]                       0x08002128   Section        0  timers.o(.text.prvProcessExpiredTimer)
    prvTaskExitError                         0x080021ad   Thumb Code    34  port.o(.text.prvTaskExitError)
    [Anonymous Symbol]                       0x080021ac   Section        0  port.o(.text.prvTaskExitError)
    prvTimerTask                             0x080021d1   Thumb Code   562  timers.o(.text.prvTimerTask)
    [Anonymous Symbol]                       0x080021d0   Section        0  timers.o(.text.prvTimerTask)
    prvUnlockQueue                           0x08002405   Thumb Code   116  queue.o(.text.prvUnlockQueue)
    [Anonymous Symbol]                       0x08002404   Section        0  queue.o(.text.prvUnlockQueue)
    [Anonymous Symbol]                       0x08002478   Section        0  heap_4.o(.text.pvPortMalloc)
    [Anonymous Symbol]                       0x080025ec   Section        0  tasks.o(.text.pvTaskIncrementMutexHeldCount)
    [Anonymous Symbol]                       0x08002604   Section        0  port.o(.text.pxPortInitialiseStack)
    [Anonymous Symbol]                       0x08002624   Section        0  list.o(.text.uxListRemove)
    [Anonymous Symbol]                       0x08002648   Section        0  cmsis_os2.o(.text.vApplicationGetIdleTaskMemory)
    [Anonymous Symbol]                       0x08002664   Section        0  cmsis_os2.o(.text.vApplicationGetTimerTaskMemory)
    [Anonymous Symbol]                       0x08002680   Section        0  cmsis_os2.o(.text.vApplicationStackOverflowHook)
    [Anonymous Symbol]                       0x08002684   Section        0  list.o(.text.vListInitialise)
    [Anonymous Symbol]                       0x0800269c   Section        0  list.o(.text.vListInitialiseItem)
    [Anonymous Symbol]                       0x080026a4   Section        0  list.o(.text.vListInsert)
    [Anonymous Symbol]                       0x080026e0   Section        0  port.o(.text.vPortEnterCritical)
    [Anonymous Symbol]                       0x08002700   Section        0  port.o(.text.vPortExitCritical)
    [Anonymous Symbol]                       0x0800271c   Section        0  heap_4.o(.text.vPortFree)
    [Anonymous Symbol]                       0x080027bc   Section        0  port.o(.text.vPortSetupTimerInterrupt)
    [Anonymous Symbol]                       0x080027f0   Section        0  queue.o(.text.vQueueDelete)
    [Anonymous Symbol]                       0x08002800   Section        0  queue.o(.text.vQueueWaitForMessageRestricted)
    [Anonymous Symbol]                       0x08002848   Section        0  tasks.o(.text.vTaskDelay)
    [Anonymous Symbol]                       0x080028e0   Section        0  tasks.o(.text.vTaskInternalSetTimeOutState)
    [Anonymous Symbol]                       0x080028fc   Section        0  tasks.o(.text.vTaskMissedYield)
    [Anonymous Symbol]                       0x0800290c   Section        0  tasks.o(.text.vTaskPlaceOnEventList)
    [Anonymous Symbol]                       0x0800292c   Section        0  tasks.o(.text.vTaskPlaceOnEventListRestricted)
    [Anonymous Symbol]                       0x08002988   Section        0  tasks.o(.text.vTaskPriorityDisinheritAfterTimeout)
    [Anonymous Symbol]                       0x08002a08   Section        0  tasks.o(.text.vTaskStartScheduler)
    [Anonymous Symbol]                       0x08002a9c   Section        0  tasks.o(.text.vTaskSuspendAll)
    __tagsym$$used.0                         0x08002aac   Number         0  tasks.o(.text.vTaskSwitchContext)
    [Anonymous Symbol]                       0x08002aac   Section        0  tasks.o(.text.vTaskSwitchContext)
    [Anonymous Symbol]                       0x08002b58   Section        0  port.o(.text.xPortStartScheduler)
    [Anonymous Symbol]                       0x08002bac   Section        0  port.o(.text.xPortSysTickHandler)
    [Anonymous Symbol]                       0x08002bdc   Section        0  queue.o(.text.xQueueCreateMutex)
    [Anonymous Symbol]                       0x08002c04   Section        0  queue.o(.text.xQueueCreateMutexStatic)
    [Anonymous Symbol]                       0x08002c7c   Section        0  queue.o(.text.xQueueGenericCreate)
    [Anonymous Symbol]                       0x08002d04   Section        0  queue.o(.text.xQueueGenericCreateStatic)
    [Anonymous Symbol]                       0x08002d84   Section        0  queue.o(.text.xQueueGenericSend)
    [Anonymous Symbol]                       0x08002f28   Section        0  queue.o(.text.xQueueReceive)
    [Anonymous Symbol]                       0x08003074   Section        0  queue.o(.text.xQueueSemaphoreTake)
    [Anonymous Symbol]                       0x080031f4   Section        0  tasks.o(.text.xTaskCheckForTimeOut)
    [Anonymous Symbol]                       0x08003278   Section        0  tasks.o(.text.xTaskCreate)
    [Anonymous Symbol]                       0x0800334c   Section        0  tasks.o(.text.xTaskCreateStatic)
    [Anonymous Symbol]                       0x080033f4   Section        0  tasks.o(.text.xTaskGetSchedulerState)
    [Anonymous Symbol]                       0x0800341c   Section        0  tasks.o(.text.xTaskGetTickCount)
    [Anonymous Symbol]                       0x08003428   Section        0  tasks.o(.text.xTaskIncrementTick)
    [Anonymous Symbol]                       0x080035c0   Section        0  tasks.o(.text.xTaskPriorityDisinherit)
    [Anonymous Symbol]                       0x08003630   Section        0  tasks.o(.text.xTaskPriorityInherit)
    [Anonymous Symbol]                       0x080036d8   Section        0  tasks.o(.text.xTaskRemoveFromEventList)
    [Anonymous Symbol]                       0x080037b0   Section        0  tasks.o(.text.xTaskResumeAll)
    [Anonymous Symbol]                       0x08003920   Section        0  timers.o(.text.xTimerCreateTimerTask)
    ADCPrescTable                            0x080039d8   Data           4  stm32f10x_rcc.o(.rodata.ADCPrescTable)
    [Anonymous Symbol]                       0x080039d8   Section        0  stm32f10x_rcc.o(.rodata.ADCPrescTable)
    APBAHBPrescTable                         0x080039ec   Data          16  stm32f10x_rcc.o(.rodata.APBAHBPrescTable)
    [Anonymous Symbol]                       0x080039ec   Section        0  stm32f10x_rcc.o(.rodata.APBAHBPrescTable)
    .L.str.1                                 0x080039fc   Data           5  main.o(.rodata.str1.1)
    [Anonymous Symbol]                       0x080039fc   Section        0  main.o(.rodata.str1.1)
    uxCriticalNesting                        0x20000004   Data           4  port.o(.data.uxCriticalNesting)
    [Anonymous Symbol]                       0x20000004   Section        0  port.o(.data.uxCriticalNesting)
    .bss                                     0x20000008   Section       96  libspace.o(.bss)
    clib_mutex_cb                            0x200000ac   Data         400  clib_arm.o(.bss.clib_mutex_cb)
    [Anonymous Symbol]                       0x200000ac   Section        0  clib_arm.o(.bss.clib_mutex_cb)
    clib_mutex_id                            0x2000023c   Data          20  clib_arm.o(.bss.clib_mutex_id)
    [Anonymous Symbol]                       0x2000023c   Section        0  clib_arm.o(.bss.clib_mutex_id)
    fac_ms                                   0x20000250   Data           2  delay.o(.bss.fac_ms)
    [Anonymous Symbol]                       0x20000250   Section        0  delay.o(.bss.fac_ms)
    fac_us                                   0x20000252   Data           1  delay.o(.bss.fac_us)
    [Anonymous Symbol]                       0x20000252   Section        0  delay.o(.bss.fac_us)
    prvCheckForValidListAndQueue.ucStaticTimerQueueStorage 0x20000254   Data          80  timers.o(.bss.prvCheckForValidListAndQueue.ucStaticTimerQueueStorage)
    [Anonymous Symbol]                       0x20000254   Section        0  timers.o(.bss.prvCheckForValidListAndQueue.ucStaticTimerQueueStorage)
    prvCheckForValidListAndQueue.xStaticTimerQueue 0x200002a4   Data          80  timers.o(.bss.prvCheckForValidListAndQueue.xStaticTimerQueue)
    [Anonymous Symbol]                       0x200002a4   Section        0  timers.o(.bss.prvCheckForValidListAndQueue.xStaticTimerQueue)
    prvSampleTimeNow.xLastTime               0x200002f4   Data           4  timers.o(.bss.prvSampleTimeNow.xLastTime)
    [Anonymous Symbol]                       0x200002f4   Section        0  timers.o(.bss.prvSampleTimeNow.xLastTime)
    __tagsym$$used.1                         0x200002f8   Number         0  tasks.o(.bss.pxCurrentTCB)
    pxCurrentTimerList                       0x200002fc   Data           4  timers.o(.bss.pxCurrentTimerList)
    [Anonymous Symbol]                       0x200002fc   Section        0  timers.o(.bss.pxCurrentTimerList)
    pxDelayedTaskList                        0x20000300   Data           4  tasks.o(.bss.pxDelayedTaskList)
    [Anonymous Symbol]                       0x20000300   Section        0  tasks.o(.bss.pxDelayedTaskList)
    pxEnd                                    0x20000304   Data           4  heap_4.o(.bss.pxEnd)
    [Anonymous Symbol]                       0x20000304   Section        0  heap_4.o(.bss.pxEnd)
    pxOverflowDelayedTaskList                0x20000308   Data           4  tasks.o(.bss.pxOverflowDelayedTaskList)
    [Anonymous Symbol]                       0x20000308   Section        0  tasks.o(.bss.pxOverflowDelayedTaskList)
    pxOverflowTimerList                      0x2000030c   Data           4  timers.o(.bss.pxOverflowTimerList)
    [Anonymous Symbol]                       0x2000030c   Section        0  timers.o(.bss.pxOverflowTimerList)
    pxReadyTasksLists                        0x20000310   Data        1120  tasks.o(.bss.pxReadyTasksLists)
    [Anonymous Symbol]                       0x20000310   Section        0  tasks.o(.bss.pxReadyTasksLists)
    u8LCD_Buff                               0x20000778   Data           8  i2c_lcd.o(.bss.u8LCD_Buff)
    [Anonymous Symbol]                       0x20000778   Section        0  i2c_lcd.o(.bss.u8LCD_Buff)
    u8LcdTmp                                 0x20000780   Data           1  i2c_lcd.o(.bss.u8LcdTmp)
    [Anonymous Symbol]                       0x20000780   Section        0  i2c_lcd.o(.bss.u8LcdTmp)
    ucHeap                                   0x20000781   Data        8192  heap_4.o(.bss.ucHeap)
    [Anonymous Symbol]                       0x20000781   Section        0  heap_4.o(.bss.ucHeap)
    uxCurrentNumberOfTasks                   0x20002784   Data           4  tasks.o(.bss.uxCurrentNumberOfTasks)
    [Anonymous Symbol]                       0x20002784   Section        0  tasks.o(.bss.uxCurrentNumberOfTasks)
    uxDeletedTasksWaitingCleanUp             0x20002788   Data           4  tasks.o(.bss.uxDeletedTasksWaitingCleanUp)
    [Anonymous Symbol]                       0x20002788   Section        0  tasks.o(.bss.uxDeletedTasksWaitingCleanUp)
    uxSchedulerSuspended                     0x2000278c   Data           4  tasks.o(.bss.uxSchedulerSuspended)
    [Anonymous Symbol]                       0x2000278c   Section        0  tasks.o(.bss.uxSchedulerSuspended)
    uxTaskNumber                             0x20002790   Data           4  tasks.o(.bss.uxTaskNumber)
    [Anonymous Symbol]                       0x20002790   Section        0  tasks.o(.bss.uxTaskNumber)
    uxTopReadyPriority                       0x20002794   Data           4  tasks.o(.bss.uxTopReadyPriority)
    [Anonymous Symbol]                       0x20002794   Section        0  tasks.o(.bss.uxTopReadyPriority)
    vApplicationGetIdleTaskMemory.Idle_Stack 0x20002798   Data         512  cmsis_os2.o(.bss.vApplicationGetIdleTaskMemory.Idle_Stack)
    [Anonymous Symbol]                       0x20002798   Section        0  cmsis_os2.o(.bss.vApplicationGetIdleTaskMemory.Idle_Stack)
    vApplicationGetIdleTaskMemory.Idle_TCB   0x20002998   Data          92  cmsis_os2.o(.bss.vApplicationGetIdleTaskMemory.Idle_TCB)
    [Anonymous Symbol]                       0x20002998   Section        0  cmsis_os2.o(.bss.vApplicationGetIdleTaskMemory.Idle_TCB)
    vApplicationGetTimerTaskMemory.Timer_Stack 0x200029f4   Data         320  cmsis_os2.o(.bss.vApplicationGetTimerTaskMemory.Timer_Stack)
    [Anonymous Symbol]                       0x200029f4   Section        0  cmsis_os2.o(.bss.vApplicationGetTimerTaskMemory.Timer_Stack)
    vApplicationGetTimerTaskMemory.Timer_TCB 0x20002b34   Data          92  cmsis_os2.o(.bss.vApplicationGetTimerTaskMemory.Timer_TCB)
    [Anonymous Symbol]                       0x20002b34   Section        0  cmsis_os2.o(.bss.vApplicationGetTimerTaskMemory.Timer_TCB)
    xActiveTimerList1                        0x20002b90   Data          20  timers.o(.bss.xActiveTimerList1)
    [Anonymous Symbol]                       0x20002b90   Section        0  timers.o(.bss.xActiveTimerList1)
    xActiveTimerList2                        0x20002ba4   Data          20  timers.o(.bss.xActiveTimerList2)
    [Anonymous Symbol]                       0x20002ba4   Section        0  timers.o(.bss.xActiveTimerList2)
    xDelayedTaskList1                        0x20002bb8   Data          20  tasks.o(.bss.xDelayedTaskList1)
    [Anonymous Symbol]                       0x20002bb8   Section        0  tasks.o(.bss.xDelayedTaskList1)
    xDelayedTaskList2                        0x20002bcc   Data          20  tasks.o(.bss.xDelayedTaskList2)
    [Anonymous Symbol]                       0x20002bcc   Section        0  tasks.o(.bss.xDelayedTaskList2)
    xFreeBytesRemaining                      0x20002be0   Data           4  heap_4.o(.bss.xFreeBytesRemaining)
    [Anonymous Symbol]                       0x20002be0   Section        0  heap_4.o(.bss.xFreeBytesRemaining)
    xIdleTaskHandle                          0x20002be4   Data           4  tasks.o(.bss.xIdleTaskHandle)
    [Anonymous Symbol]                       0x20002be4   Section        0  tasks.o(.bss.xIdleTaskHandle)
    xMinimumEverFreeBytesRemaining           0x20002be8   Data           4  heap_4.o(.bss.xMinimumEverFreeBytesRemaining)
    [Anonymous Symbol]                       0x20002be8   Section        0  heap_4.o(.bss.xMinimumEverFreeBytesRemaining)
    xNextTaskUnblockTime                     0x20002bec   Data           4  tasks.o(.bss.xNextTaskUnblockTime)
    [Anonymous Symbol]                       0x20002bec   Section        0  tasks.o(.bss.xNextTaskUnblockTime)
    xNumOfOverflows                          0x20002bf0   Data           4  tasks.o(.bss.xNumOfOverflows)
    [Anonymous Symbol]                       0x20002bf0   Section        0  tasks.o(.bss.xNumOfOverflows)
    xNumberOfSuccessfulAllocations           0x20002bf4   Data           4  heap_4.o(.bss.xNumberOfSuccessfulAllocations)
    [Anonymous Symbol]                       0x20002bf4   Section        0  heap_4.o(.bss.xNumberOfSuccessfulAllocations)
    xNumberOfSuccessfulFrees                 0x20002bf8   Data           4  heap_4.o(.bss.xNumberOfSuccessfulFrees)
    [Anonymous Symbol]                       0x20002bf8   Section        0  heap_4.o(.bss.xNumberOfSuccessfulFrees)
    xPendedTicks                             0x20002bfc   Data           4  tasks.o(.bss.xPendedTicks)
    [Anonymous Symbol]                       0x20002bfc   Section        0  tasks.o(.bss.xPendedTicks)
    xPendingReadyList                        0x20002c00   Data          20  tasks.o(.bss.xPendingReadyList)
    [Anonymous Symbol]                       0x20002c00   Section        0  tasks.o(.bss.xPendingReadyList)
    xSchedulerRunning                        0x20002c18   Data           4  tasks.o(.bss.xSchedulerRunning)
    [Anonymous Symbol]                       0x20002c18   Section        0  tasks.o(.bss.xSchedulerRunning)
    xStart                                   0x20002c1c   Data           8  heap_4.o(.bss.xStart)
    [Anonymous Symbol]                       0x20002c1c   Section        0  heap_4.o(.bss.xStart)
    xSuspendedTaskList                       0x20002c24   Data          20  tasks.o(.bss.xSuspendedTaskList)
    [Anonymous Symbol]                       0x20002c24   Section        0  tasks.o(.bss.xSuspendedTaskList)
    xTasksWaitingTermination                 0x20002c38   Data          20  tasks.o(.bss.xTasksWaitingTermination)
    [Anonymous Symbol]                       0x20002c38   Section        0  tasks.o(.bss.xTasksWaitingTermination)
    xTickCount                               0x20002c4c   Data           4  tasks.o(.bss.xTickCount)
    [Anonymous Symbol]                       0x20002c4c   Section        0  tasks.o(.bss.xTickCount)
    xTimerQueue                              0x20002c50   Data           4  timers.o(.bss.xTimerQueue)
    [Anonymous Symbol]                       0x20002c50   Section        0  timers.o(.bss.xTimerQueue)
    xTimerTaskHandle                         0x20002c54   Data           4  timers.o(.bss.xTimerTaskHandle)
    [Anonymous Symbol]                       0x20002c54   Section        0  timers.o(.bss.xTimerTaskHandle)
    xYieldPending                            0x20002c58   Data           4  tasks.o(.bss.xYieldPending)
    [Anonymous Symbol]                       0x20002c58   Section        0  tasks.o(.bss.xYieldPending)
    Heap_Mem                                 0x20002c60   Data         512  startup_stm32f10x_md.o(HEAP)
    HEAP                                     0x20002c60   Section      512  startup_stm32f10x_md.o(HEAP)
    Stack_Mem                                0x20002e60   Data        1024  startup_stm32f10x_md.o(STACK)
    STACK                                    0x20002e60   Section     1024  startup_stm32f10x_md.o(STACK)
    __initial_sp                             0x20003260   Data           0  startup_stm32f10x_md.o(STACK)

    Global Symbols

    Symbol Name                              Value     Ov Type        Size  Object(Section)

    BuildAttributes$$THM_ISAv4$P$D$K$B$S$PE$A:L22UL41UL21$X:L11$S22US41US21$IEEE1$IW$~IW$USESV6$~STKCKD$USESV7$~SHL$OTIME$ROPI$EBA8$UX$STANDARDLIB$REQ8$PRES8$EABIv2 0x00000000   Number         0  anon$$obj.o ABSOLUTE
    __fp_init_empty                          0x00000000   Number         0  fpinit_empty.o ABSOLUTE
    __ARM_exceptions_init                     - Undefined Weak Reference
    __alloca_initialize                       - Undefined Weak Reference
    __arm_preinit_                            - Undefined Weak Reference
    __arm_relocate_pie_                       - Undefined Weak Reference
    __cpp_initialize__aeabi_                  - Undefined Weak Reference
    __cxa_finalize                            - Undefined Weak Reference
    __rt_locale                               - Undefined Weak Reference
    __sigvec_lookup                           - Undefined Weak Reference
    _atexit_init                              - Undefined Weak Reference
    _call_atexit_fns                          - Undefined Weak Reference
    _clock_init                               - Undefined Weak Reference
    _fp_trap_init                             - Undefined Weak Reference
    _fp_trap_shutdown                         - Undefined Weak Reference
    _get_lc_collate                           - Undefined Weak Reference
    _get_lc_ctype                             - Undefined Weak Reference
    _get_lc_monetary                          - Undefined Weak Reference
    _get_lc_numeric                           - Undefined Weak Reference
    _get_lc_time                              - Undefined Weak Reference
    _getenv_init                              - Undefined Weak Reference
    _handle_redirection                       - Undefined Weak Reference
    _init_alloc                               - Undefined Weak Reference
    _init_user_alloc                          - Undefined Weak Reference
    _initio                                   - Undefined Weak Reference
    _printf_post_padding                      - Undefined Weak Reference
    _printf_pre_padding                       - Undefined Weak Reference
    _printf_truncate_signed                   - Undefined Weak Reference
    _printf_truncate_unsigned                 - Undefined Weak Reference
    _rand_init                                - Undefined Weak Reference
    _signal_finish                            - Undefined Weak Reference
    _signal_init                              - Undefined Weak Reference
    _terminate_alloc                          - Undefined Weak Reference
    _terminate_user_alloc                     - Undefined Weak Reference
    _terminateio                              - Undefined Weak Reference
    __Vectors_Size                           0x000000ec   Number         0  startup_stm32f10x_md.o ABSOLUTE
    __Vectors                                0x08000000   Data           4  startup_stm32f10x_md.o(RESET)
    __Vectors_End                            0x080000ec   Data           0  startup_stm32f10x_md.o(RESET)
    __main                                   0x080000ed   Thumb Code     8  __main.o(!!!main)
    __scatterload                            0x080000f5   Thumb Code     0  __scatter.o(!!!scatter)
    __scatterload_rt2                        0x080000f5   Thumb Code    44  __scatter.o(!!!scatter)
    __scatterload_rt2_thumb_only             0x080000f5   Thumb Code     0  __scatter.o(!!!scatter)
    __scatterload_null                       0x08000103   Thumb Code     0  __scatter.o(!!!scatter)
    __scatterload_copy                       0x08000129   Thumb Code    26  __scatter_copy.o(!!handler_copy)
    __scatterload_zeroinit                   0x08000145   Thumb Code    28  __scatter_zi.o(!!handler_zi)
    _printf_d                                0x08000161   Thumb Code     0  _printf_d.o(.ARM.Collect$$_printf_percent$$00000009)
    _printf_percent                          0x08000161   Thumb Code     0  _printf_percent.o(.ARM.Collect$$_printf_percent$$00000000)
    _printf_percent_end                      0x08000167   Thumb Code     0  _printf_percent_end.o(.ARM.Collect$$_printf_percent$$00000017)
    __rt_lib_init                            0x0800016b   Thumb Code     0  libinit.o(.ARM.Collect$$libinit$$00000000)
    __rt_lib_init_alloca_1                   0x0800016d   Thumb Code     0  libinit2.o(.ARM.Collect$$libinit$$00000030)
    __rt_lib_init_argv_1                     0x0800016d   Thumb Code     0  libinit2.o(.ARM.Collect$$libinit$$0000002E)
    __rt_lib_init_atexit_1                   0x0800016d   Thumb Code     0  libinit2.o(.ARM.Collect$$libinit$$0000001D)
    __rt_lib_init_clock_1                    0x0800016d   Thumb Code     0  libinit2.o(.ARM.Collect$$libinit$$00000023)
    __rt_lib_init_cpp_1                      0x0800016d   Thumb Code     0  libinit2.o(.ARM.Collect$$libinit$$00000034)
    __rt_lib_init_exceptions_1               0x0800016d   Thumb Code     0  libinit2.o(.ARM.Collect$$libinit$$00000032)
    __rt_lib_init_fp_1                       0x0800016d   Thumb Code     0  libinit2.o(.ARM.Collect$$libinit$$00000002)
    __rt_lib_init_fp_trap_1                  0x0800016d   Thumb Code     0  libinit2.o(.ARM.Collect$$libinit$$00000021)
    __rt_lib_init_getenv_1                   0x0800016d   Thumb Code     0  libinit2.o(.ARM.Collect$$libinit$$00000025)
    __rt_lib_init_heap_1                     0x0800016d   Thumb Code     0  libinit2.o(.ARM.Collect$$libinit$$0000000C)
    __rt_lib_init_lc_collate_1               0x0800016d   Thumb Code     0  libinit2.o(.ARM.Collect$$libinit$$00000013)
    __rt_lib_init_lc_ctype_1                 0x0800016d   Thumb Code     0  libinit2.o(.ARM.Collect$$libinit$$00000015)
    __rt_lib_init_lc_monetary_1              0x0800016d   Thumb Code     0  libinit2.o(.ARM.Collect$$libinit$$00000017)
    __rt_lib_init_lc_numeric_1               0x0800016d   Thumb Code     0  libinit2.o(.ARM.Collect$$libinit$$00000019)
    __rt_lib_init_lc_time_1                  0x0800016d   Thumb Code     0  libinit2.o(.ARM.Collect$$libinit$$0000001B)
    __rt_lib_init_preinit_1                  0x0800016d   Thumb Code     0  libinit2.o(.ARM.Collect$$libinit$$00000006)
    __rt_lib_init_rand_1                     0x0800016d   Thumb Code     0  libinit2.o(.ARM.Collect$$libinit$$00000010)
    __rt_lib_init_relocate_pie_1             0x0800016d   Thumb Code     0  libinit2.o(.ARM.Collect$$libinit$$00000004)
    __rt_lib_init_return                     0x0800016d   Thumb Code     0  libinit2.o(.ARM.Collect$$libinit$$00000035)
    __rt_lib_init_signal_1                   0x0800016d   Thumb Code     0  libinit2.o(.ARM.Collect$$libinit$$0000001F)
    __rt_lib_init_stdio_1                    0x0800016d   Thumb Code     0  libinit2.o(.ARM.Collect$$libinit$$00000027)
    __rt_lib_init_user_alloc_1               0x0800016d   Thumb Code     0  libinit2.o(.ARM.Collect$$libinit$$0000000E)
    __rt_lib_shutdown                        0x0800016f   Thumb Code     0  libshutdown.o(.ARM.Collect$$libshutdown$$00000000)
    __rt_lib_shutdown_cpp_1                  0x08000171   Thumb Code     0  libshutdown2.o(.ARM.Collect$$libshutdown$$00000002)
    __rt_lib_shutdown_fp_trap_1              0x08000171   Thumb Code     0  libshutdown2.o(.ARM.Collect$$libshutdown$$00000007)
    __rt_lib_shutdown_heap_1                 0x08000171   Thumb Code     0  libshutdown2.o(.ARM.Collect$$libshutdown$$0000000F)
    __rt_lib_shutdown_return                 0x08000171   Thumb Code     0  libshutdown2.o(.ARM.Collect$$libshutdown$$00000010)
    __rt_lib_shutdown_signal_1               0x08000171   Thumb Code     0  libshutdown2.o(.ARM.Collect$$libshutdown$$0000000A)
    __rt_lib_shutdown_stdio_1                0x08000171   Thumb Code     0  libshutdown2.o(.ARM.Collect$$libshutdown$$00000004)
    __rt_lib_shutdown_user_alloc_1           0x08000171   Thumb Code     0  libshutdown2.o(.ARM.Collect$$libshutdown$$0000000C)
    __rt_entry                               0x08000173   Thumb Code     0  __rtentry.o(.ARM.Collect$$rtentry$$00000000)
    __rt_entry_presh_1                       0x08000173   Thumb Code     0  __rtentry2.o(.ARM.Collect$$rtentry$$00000002)
    __rt_entry_sh                            0x08000173   Thumb Code     0  __rtentry4.o(.ARM.Collect$$rtentry$$00000004)
    __rt_entry_postsh_1                      0x08000179   Thumb Code     0  __rtentry2.o(.ARM.Collect$$rtentry$$00000008)
    __rt_entry_li                            0x08000181   Thumb Code     0  __rtentry2.o(.ARM.Collect$$rtentry$$0000000A)
    __rt_entry_main                          0x08000185   Thumb Code     0  __rtentry2.o(.ARM.Collect$$rtentry$$0000000D)
    __rt_entry_postli_1                      0x08000185   Thumb Code     0  __rtentry2.o(.ARM.Collect$$rtentry$$0000000C)
    __rt_exit                                0x0800018d   Thumb Code     0  rtexit.o(.ARM.Collect$$rtexit$$00000000)
    __rt_exit_ls                             0x0800018f   Thumb Code     0  rtexit2.o(.ARM.Collect$$rtexit$$00000003)
    __rt_exit_prels_1                        0x0800018f   Thumb Code     0  rtexit2.o(.ARM.Collect$$rtexit$$00000002)
    __rt_exit_exit                           0x08000193   Thumb Code     0  rtexit2.o(.ARM.Collect$$rtexit$$00000004)
    Reset_Handler                            0x08000199   Thumb Code     8  startup_stm32f10x_md.o(.text)
    NMI_Handler                              0x080001a1   Thumb Code     2  startup_stm32f10x_md.o(.text)
    HardFault_Handler                        0x080001a3   Thumb Code     2  startup_stm32f10x_md.o(.text)
    MemManage_Handler                        0x080001a5   Thumb Code     2  startup_stm32f10x_md.o(.text)
    BusFault_Handler                         0x080001a7   Thumb Code     2  startup_stm32f10x_md.o(.text)
    UsageFault_Handler                       0x080001a9   Thumb Code     2  startup_stm32f10x_md.o(.text)
    DebugMon_Handler                         0x080001ad   Thumb Code     2  startup_stm32f10x_md.o(.text)
    ADC1_2_IRQHandler                        0x080001b3   Thumb Code     0  startup_stm32f10x_md.o(.text)
    CAN1_RX1_IRQHandler                      0x080001b3   Thumb Code     0  startup_stm32f10x_md.o(.text)
    CAN1_SCE_IRQHandler                      0x080001b3   Thumb Code     0  startup_stm32f10x_md.o(.text)
    DMA1_Channel1_IRQHandler                 0x080001b3   Thumb Code     0  startup_stm32f10x_md.o(.text)
    DMA1_Channel2_IRQHandler                 0x080001b3   Thumb Code     0  startup_stm32f10x_md.o(.text)
    DMA1_Channel3_IRQHandler                 0x080001b3   Thumb Code     0  startup_stm32f10x_md.o(.text)
    DMA1_Channel4_IRQHandler                 0x080001b3   Thumb Code     0  startup_stm32f10x_md.o(.text)
    DMA1_Channel5_IRQHandler                 0x080001b3   Thumb Code     0  startup_stm32f10x_md.o(.text)
    DMA1_Channel6_IRQHandler                 0x080001b3   Thumb Code     0  startup_stm32f10x_md.o(.text)
    DMA1_Channel7_IRQHandler                 0x080001b3   Thumb Code     0  startup_stm32f10x_md.o(.text)
    EXTI0_IRQHandler                         0x080001b3   Thumb Code     0  startup_stm32f10x_md.o(.text)
    EXTI15_10_IRQHandler                     0x080001b3   Thumb Code     0  startup_stm32f10x_md.o(.text)
    EXTI1_IRQHandler                         0x080001b3   Thumb Code     0  startup_stm32f10x_md.o(.text)
    EXTI2_IRQHandler                         0x080001b3   Thumb Code     0  startup_stm32f10x_md.o(.text)
    EXTI3_IRQHandler                         0x080001b3   Thumb Code     0  startup_stm32f10x_md.o(.text)
    EXTI4_IRQHandler                         0x080001b3   Thumb Code     0  startup_stm32f10x_md.o(.text)
    EXTI9_5_IRQHandler                       0x080001b3   Thumb Code     0  startup_stm32f10x_md.o(.text)
    FLASH_IRQHandler                         0x080001b3   Thumb Code     0  startup_stm32f10x_md.o(.text)
    I2C1_ER_IRQHandler                       0x080001b3   Thumb Code     0  startup_stm32f10x_md.o(.text)
    I2C1_EV_IRQHandler                       0x080001b3   Thumb Code     0  startup_stm32f10x_md.o(.text)
    I2C2_ER_IRQHandler                       0x080001b3   Thumb Code     0  startup_stm32f10x_md.o(.text)
    I2C2_EV_IRQHandler                       0x080001b3   Thumb Code     0  startup_stm32f10x_md.o(.text)
    PVD_IRQHandler                           0x080001b3   Thumb Code     0  startup_stm32f10x_md.o(.text)
    RCC_IRQHandler                           0x080001b3   Thumb Code     0  startup_stm32f10x_md.o(.text)
    RTCAlarm_IRQHandler                      0x080001b3   Thumb Code     0  startup_stm32f10x_md.o(.text)
    RTC_IRQHandler                           0x080001b3   Thumb Code     0  startup_stm32f10x_md.o(.text)
    SPI1_IRQHandler                          0x080001b3   Thumb Code     0  startup_stm32f10x_md.o(.text)
    SPI2_IRQHandler                          0x080001b3   Thumb Code     0  startup_stm32f10x_md.o(.text)
    TAMPER_IRQHandler                        0x080001b3   Thumb Code     0  startup_stm32f10x_md.o(.text)
    TIM1_BRK_IRQHandler                      0x080001b3   Thumb Code     0  startup_stm32f10x_md.o(.text)
    TIM1_CC_IRQHandler                       0x080001b3   Thumb Code     0  startup_stm32f10x_md.o(.text)
    TIM1_TRG_COM_IRQHandler                  0x080001b3   Thumb Code     0  startup_stm32f10x_md.o(.text)
    TIM1_UP_IRQHandler                       0x080001b3   Thumb Code     0  startup_stm32f10x_md.o(.text)
    TIM2_IRQHandler                          0x080001b3   Thumb Code     0  startup_stm32f10x_md.o(.text)
    TIM3_IRQHandler                          0x080001b3   Thumb Code     0  startup_stm32f10x_md.o(.text)
    TIM4_IRQHandler                          0x080001b3   Thumb Code     0  startup_stm32f10x_md.o(.text)
    USBWakeUp_IRQHandler                     0x080001b3   Thumb Code     0  startup_stm32f10x_md.o(.text)
    USB_HP_CAN1_TX_IRQHandler                0x080001b3   Thumb Code     0  startup_stm32f10x_md.o(.text)
    USB_LP_CAN1_RX0_IRQHandler               0x080001b3   Thumb Code     0  startup_stm32f10x_md.o(.text)
    WWDG_IRQHandler                          0x080001b3   Thumb Code     0  startup_stm32f10x_md.o(.text)
    __user_initial_stackheap                 0x080001b5   Thumb Code     0  startup_stm32f10x_md.o(.text)
    __2sprintf                               0x080001d9   Thumb Code    34  noretval__2sprintf.o(.text)
    __printf                                 0x08000201   Thumb Code   104  __printf.o(.text)
    _printf_int_dec                          0x08000269   Thumb Code   104  _printf_dec.o(.text)
    __aeabi_memcpy                           0x080002e1   Thumb Code     0  rt_memcpy_v6.o(.text)
    __rt_memcpy                              0x080002e1   Thumb Code   138  rt_memcpy_v6.o(.text)
    _memcpy_lastbytes                        0x08000347   Thumb Code     0  rt_memcpy_v6.o(.text)
    __aeabi_memset4                          0x0800036b   Thumb Code    16  aeabi_memset4.o(.text)
    __aeabi_memset8                          0x0800036b   Thumb Code     0  aeabi_memset4.o(.text)
    __aeabi_memclr                           0x0800037b   Thumb Code     0  rt_memclr.o(.text)
    __rt_memclr                              0x0800037b   Thumb Code     0  rt_memclr.o(.text)
    _memset                                  0x0800037f   Thumb Code    64  rt_memclr.o(.text)
    __use_two_region_memory                  0x080003bf   Thumb Code     2  heapauxi.o(.text)
    __rt_heap_escrow$2region                 0x080003c1   Thumb Code     2  heapauxi.o(.text)
    __rt_heap_expand$2region                 0x080003c3   Thumb Code     2  heapauxi.o(.text)
    _printf_int_common                       0x080003c5   Thumb Code   178  _printf_intcommon.o(.text)
    _printf_char_common                      0x08000483   Thumb Code    32  _printf_char_common.o(.text)
    _sputc                                   0x080004a9   Thumb Code    10  _sputc.o(.text)
    __aeabi_memcpy4                          0x080004b3   Thumb Code     0  rt_memcpy_w.o(.text)
    __aeabi_memcpy8                          0x080004b3   Thumb Code     0  rt_memcpy_w.o(.text)
    __rt_memcpy_w                            0x080004b3   Thumb Code   100  rt_memcpy_w.o(.text)
    _memcpy_lastbytes_aligned                0x080004fb   Thumb Code     0  rt_memcpy_w.o(.text)
    __aeabi_memclr4                          0x08000517   Thumb Code     0  rt_memclr_w.o(.text)
    __aeabi_memclr8                          0x08000517   Thumb Code     0  rt_memclr_w.o(.text)
    __rt_memclr_w                            0x08000517   Thumb Code     0  rt_memclr_w.o(.text)
    _memset_w                                0x0800051b   Thumb Code    74  rt_memclr_w.o(.text)
    __user_setup_stackheap                   0x08000565   Thumb Code    74  sys_stackheap_outer.o(.text)
    exit                                     0x080005af   Thumb Code    18  exit.o(.text)
    __user_libspace                          0x080005c1   Thumb Code     8  libspace.o(.text)
    __user_perproc_libspace                  0x080005c1   Thumb Code     0  libspace.o(.text)
    _sys_exit                                0x080005c9   Thumb Code     8  sys_exit.o(.text)
    __I$use$semihosting                      0x080005d5   Thumb Code     0  use_no_semi.o(.text)
    __use_no_semihosting_swi                 0x080005d5   Thumb Code     2  use_no_semi.o(.text)
    __semihosting_library_function           0x080005d7   Thumb Code     0  indicate_semi.o(.text)
    ADC_AutoInjectedConvCmd                  0x080005d9   Thumb Code    18  stm32f10x_adc.o(.text.ADC_AutoInjectedConvCmd)
    ADC_Cmd                                  0x080005ed   Thumb Code    16  stm32f10x_adc.o(.text.ADC_Cmd)
    ADC_ExternalTrigInjectedConvConfig       0x080005fd   Thumb Code    12  stm32f10x_adc.o(.text.ADC_ExternalTrigInjectedConvConfig)
    ADC_GetCalibrationStatus                 0x08000609   Thumb Code     8  stm32f10x_adc.o(.text.ADC_GetCalibrationStatus)
    ADC_GetInjectedConversionValue           0x08000611   Thumb Code    26  stm32f10x_adc.o(.text.ADC_GetInjectedConversionValue)
    ADC_GetResetCalibrationStatus            0x0800062d   Thumb Code     8  stm32f10x_adc.o(.text.ADC_GetResetCalibrationStatus)
    ADC_Init                                 0x08000635   Thumb Code    84  stm32f10x_adc.o(.text.ADC_Init)
    ADC_Inits                                0x08000689   Thumb Code   182  main.o(.text.ADC_Inits)
    ADC_InjectedChannelConfig                0x08000741   Thumb Code    78  stm32f10x_adc.o(.text.ADC_InjectedChannelConfig)
    ADC_InjectedSequencerLengthConfig        0x08000791   Thumb Code    22  stm32f10x_adc.o(.text.ADC_InjectedSequencerLengthConfig)
    ADC_ResetCalibration                     0x080007a9   Thumb Code    10  stm32f10x_adc.o(.text.ADC_ResetCalibration)
    ADC_SoftwareStartInjectedConvCmd         0x080007b5   Thumb Code    18  stm32f10x_adc.o(.text.ADC_SoftwareStartInjectedConvCmd)
    ADC_StartCalibration                     0x080007c9   Thumb Code    10  stm32f10x_adc.o(.text.ADC_StartCalibration)
    DHT11_Check                              0x080007d5   Thumb Code   176  dht11.o(.text.DHT11_Check)
    DHT11_Init                               0x08000885   Thumb Code    58  dht11.o(.text.DHT11_Init)
    DHT11_Read_Bit                           0x080008c1   Thumb Code   168  dht11.o(.text.DHT11_Read_Bit)
    DHT11_Read_Data                          0x08000969   Thumb Code   110  dht11.o(.text.DHT11_Read_Data)
    DHT11_Rst                                0x080009d9   Thumb Code   136  dht11.o(.text.DHT11_Rst)
    Fn_DELAY_Init                            0x08000a61   Thumb Code    46  delay.o(.text.Fn_DELAY_Init)
    GPIO_Init                                0x08000a91   Thumb Code   192  stm32f10x_gpio.o(.text.GPIO_Init)
    GPIO_ReadInputDataBit                    0x08000b51   Thumb Code    10  stm32f10x_gpio.o(.text.GPIO_ReadInputDataBit)
    GPIO_ResetBits                           0x08000b5d   Thumb Code     4  stm32f10x_gpio.o(.text.GPIO_ResetBits)
    GPIO_SetBits                             0x08000b61   Thumb Code     4  stm32f10x_gpio.o(.text.GPIO_SetBits)
    GPIO_WriteBit                            0x08000b65   Thumb Code    12  stm32f10x_gpio.o(.text.GPIO_WriteBit)
    I2C_LCD_BackLight                        0x08000b71   Thumb Code    64  i2c_lcd.o(.text.I2C_LCD_BackLight)
    I2C_LCD_Clear                            0x08000bb1   Thumb Code     6  i2c_lcd.o(.text.I2C_LCD_Clear)
    I2C_LCD_Init                             0x08000bb9   Thumb Code   588  i2c_lcd.o(.text.I2C_LCD_Init)
    I2C_LCD_NewLine                          0x08000e05   Thumb Code     6  i2c_lcd.o(.text.I2C_LCD_NewLine)
    I2C_LCD_Puts                             0x08000e0d   Thumb Code    28  i2c_lcd.o(.text.I2C_LCD_Puts)
    I2C_Read                                 0x08000f2d   Thumb Code    80  i2c.o(.text.I2C_Read)
    I2C_Write                                0x08000f7d   Thumb Code    62  i2c.o(.text.I2C_Write)
    INIT_UART_1                              0x08000fbd   Thumb Code   120  uart.o(.text.INIT_UART_1)
    INIT_UART_3                              0x08001035   Thumb Code   108  uart.o(.text.INIT_UART_3)
    LCD_WaitBusy                             0x080010a1   Thumb Code   362  i2c_lcd.o(.text.LCD_WaitBusy)
    LCD_Write_Chr                            0x0800120d   Thumb Code   128  i2c_lcd.o(.text.LCD_Write_Chr)
    My_I2C_Init                              0x0800128d   Thumb Code    56  i2c.o(.text.My_I2C_Init)
    PendSV_Handler                           0x080012d1   Thumb Code    68  port.o(.text.PendSV_Handler)
    RCC_ADCCLKConfig                         0x08001315   Thumb Code    20  stm32f10x_rcc.o(.text.RCC_ADCCLKConfig)
    RCC_APB2PeriphClockCmd                   0x08001329   Thumb Code    24  stm32f10x_rcc.o(.text.RCC_APB2PeriphClockCmd)
    RCC_GetClocksFreq                        0x08001341   Thumb Code   160  stm32f10x_rcc.o(.text.RCC_GetClocksFreq)
    SVC_Handler                              0x080013e1   Thumb Code    36  port.o(.text.SVC_Handler)
    SYS_Init                                 0x08001405   Thumb Code    92  main.o(.text.SYS_Init)
    SysTick_Handler                          0x08001461   Thumb Code    30  cmsis_os2.o(.text.SysTick_Handler)
    SystemCoreClockUpdate                    0x08001481   Thumb Code   110  system_stm32f10x.o(.text.SystemCoreClockUpdate)
    SystemInit                               0x080014f1   Thumb Code   272  system_stm32f10x.o(.text.SystemInit)
    TaskGetControl                           0x08001601   Thumb Code    68  main.o(.text.TaskGetControl)
    TaskReadSensor                           0x08001645   Thumb Code   274  main.o(.text.TaskReadSensor)
    TaskSendSensor                           0x08001759   Thumb Code   108  main.o(.text.TaskSendSensor)
    UART1_SendString                         0x080017dd   Thumb Code    36  uart.o(.text.UART1_SendString)
    USART1_IRQHandler                        0x08001801   Thumb Code    80  uart.o(.text.USART1_IRQHandler)
    USART2_IRQHandler                        0x08001851   Thumb Code    80  uart.o(.text.USART2_IRQHandler)
    USART3_IRQHandler                        0x080018a1   Thumb Code    80  uart.o(.text.USART3_IRQHandler)
    _mutex_acquire                           0x080018f1   Thumb Code    36  clib_arm.o(.text._mutex_acquire)
    _mutex_free                              0x08001915   Thumb Code    48  clib_arm.o(.text._mutex_free)
    _mutex_initialize                        0x08001945   Thumb Code    90  clib_arm.o(.text._mutex_initialize)
    _mutex_release                           0x080019a1   Thumb Code    38  clib_arm.o(.text._mutex_release)
    _platform_post_stackheap_init            0x080019c9   Thumb Code     2  clib_arm.o(.text._platform_post_stackheap_init)
    delay_ms                                 0x080019cd   Thumb Code    52  i2c.o(.text.delay_ms)
    i2c_read                                 0x08001a01   Thumb Code   356  i2c.o(.text.i2c_read)
    i2c_start                                0x08001b65   Thumb Code   188  i2c.o(.text.i2c_start)
    i2c_stop                                 0x08001c21   Thumb Code   148  i2c.o(.text.i2c_stop)
    i2c_write                                0x08001cb5   Thumb Code   360  i2c.o(.text.i2c_write)
    main                                     0x08001e1d   Thumb Code   132  main.o(.text.main)
    pvPortMalloc                             0x08002479   Thumb Code   372  heap_4.o(.text.pvPortMalloc)
    pvTaskIncrementMutexHeldCount            0x080025ed   Thumb Code    24  tasks.o(.text.pvTaskIncrementMutexHeldCount)
    pxPortInitialiseStack                    0x08002605   Thumb Code    32  port.o(.text.pxPortInitialiseStack)
    uxListRemove                             0x08002625   Thumb Code    36  list.o(.text.uxListRemove)
    vApplicationGetIdleTaskMemory            0x08002649   Thumb Code    26  cmsis_os2.o(.text.vApplicationGetIdleTaskMemory)
    vApplicationGetTimerTaskMemory           0x08002665   Thumb Code    26  cmsis_os2.o(.text.vApplicationGetTimerTaskMemory)
    vApplicationStackOverflowHook            0x08002681   Thumb Code     2  cmsis_os2.o(.text.vApplicationStackOverflowHook)
    vListInitialise                          0x08002685   Thumb Code    22  list.o(.text.vListInitialise)
    vListInitialiseItem                      0x0800269d   Thumb Code     6  list.o(.text.vListInitialiseItem)
    vListInsert                              0x080026a5   Thumb Code    58  list.o(.text.vListInsert)
    vPortEnterCritical                       0x080026e1   Thumb Code    32  port.o(.text.vPortEnterCritical)
    vPortExitCritical                        0x08002701   Thumb Code    26  port.o(.text.vPortExitCritical)
    vPortFree                                0x0800271d   Thumb Code   158  heap_4.o(.text.vPortFree)
    vPortSetupTimerInterrupt                 0x080027bd   Thumb Code    52  port.o(.text.vPortSetupTimerInterrupt)
    vQueueDelete                             0x080027f1   Thumb Code    14  queue.o(.text.vQueueDelete)
    vQueueWaitForMessageRestricted           0x08002801   Thumb Code    70  queue.o(.text.vQueueWaitForMessageRestricted)
    vTaskDelay                               0x08002849   Thumb Code   150  tasks.o(.text.vTaskDelay)
    vTaskInternalSetTimeOutState             0x080028e1   Thumb Code    26  tasks.o(.text.vTaskInternalSetTimeOutState)
    vTaskMissedYield                         0x080028fd   Thumb Code    14  tasks.o(.text.vTaskMissedYield)
    vTaskPlaceOnEventList                    0x0800290d   Thumb Code    32  tasks.o(.text.vTaskPlaceOnEventList)
    vTaskPlaceOnEventListRestricted          0x0800292d   Thumb Code    90  tasks.o(.text.vTaskPlaceOnEventListRestricted)
    vTaskPriorityDisinheritAfterTimeout      0x08002989   Thumb Code   128  tasks.o(.text.vTaskPriorityDisinheritAfterTimeout)
    vTaskStartScheduler                      0x08002a09   Thumb Code   140  tasks.o(.text.vTaskStartScheduler)
    vTaskSuspendAll                          0x08002a9d   Thumb Code    16  tasks.o(.text.vTaskSuspendAll)
    vTaskSwitchContext                       0x08002aad   Thumb Code   172  tasks.o(.text.vTaskSwitchContext)
    xPortStartScheduler                      0x08002b59   Thumb Code    84  port.o(.text.xPortStartScheduler)
    xPortSysTickHandler                      0x08002bad   Thumb Code    46  port.o(.text.xPortSysTickHandler)
    xQueueCreateMutex                        0x08002bdd   Thumb Code    40  queue.o(.text.xQueueCreateMutex)
    xQueueCreateMutexStatic                  0x08002c05   Thumb Code   120  queue.o(.text.xQueueCreateMutexStatic)
    xQueueGenericCreate                      0x08002c7d   Thumb Code   134  queue.o(.text.xQueueGenericCreate)
    xQueueGenericCreateStatic                0x08002d05   Thumb Code   128  queue.o(.text.xQueueGenericCreateStatic)
    xQueueGenericSend                        0x08002d85   Thumb Code   418  queue.o(.text.xQueueGenericSend)
    xQueueReceive                            0x08002f29   Thumb Code   332  queue.o(.text.xQueueReceive)
    xQueueSemaphoreTake                      0x08003075   Thumb Code   382  queue.o(.text.xQueueSemaphoreTake)
    xTaskCheckForTimeOut                     0x080031f5   Thumb Code   132  tasks.o(.text.xTaskCheckForTimeOut)
    xTaskCreate                              0x08003279   Thumb Code   210  tasks.o(.text.xTaskCreate)
    xTaskCreateStatic                        0x0800334d   Thumb Code   168  tasks.o(.text.xTaskCreateStatic)
    xTaskGetSchedulerState                   0x080033f5   Thumb Code    38  tasks.o(.text.xTaskGetSchedulerState)
    xTaskGetTickCount                        0x0800341d   Thumb Code    12  tasks.o(.text.xTaskGetTickCount)
    xTaskIncrementTick                       0x08003429   Thumb Code   406  tasks.o(.text.xTaskIncrementTick)
    xTaskPriorityDisinherit                  0x080035c1   Thumb Code   112  tasks.o(.text.xTaskPriorityDisinherit)
    xTaskPriorityInherit                     0x08003631   Thumb Code   166  tasks.o(.text.xTaskPriorityInherit)
    xTaskRemoveFromEventList                 0x080036d9   Thumb Code   216  tasks.o(.text.xTaskRemoveFromEventList)
    xTaskResumeAll                           0x080037b1   Thumb Code   368  tasks.o(.text.xTaskResumeAll)
    xTimerCreateTimerTask                    0x08003921   Thumb Code   176  timers.o(.text.xTimerCreateTimerTask)
    AHBPrescTable                            0x080039dc   Data          16  system_stm32f10x.o(.rodata.AHBPrescTable)
    uxTopUsedPriority                        0x08003a04   Data           4  tasks.o(.rodata.uxTopUsedPriority)
    Region$$Table$$Base                      0x08003a08   Number         0  anon$$obj.o(Region$$Table)
    Region$$Table$$Limit                     0x08003a28   Number         0  anon$$obj.o(Region$$Table)
    SystemCoreClock                          0x20000000   Data           4  system_stm32f10x.o(.data.SystemCoreClock)
    __libspace_start                         0x20000008   Data          96  libspace.o(.bss)
    Array1_Receive                           0x20000068   Data          20  uart.o(.bss.Array1_Receive)
    __temporary_stack_top$libspace           0x20000068   Data           0  libspace.o(.bss)
    Array2_Receive                           0x2000007c   Data          20  uart.o(.bss.Array2_Receive)
    Array3_Receive                           0x20000090   Data          20  uart.o(.bss.Array3_Receive)
    Count1_Data                              0x200000a4   Data           1  uart.o(.bss.Count1_Data)
    Count2_Data                              0x200000a5   Data           1  uart.o(.bss.Count2_Data)
    Count3_Data                              0x200000a6   Data           1  uart.o(.bss.Count3_Data)
    Flag1_Receive                            0x200000a7   Data           1  uart.o(.bss.Flag1_Receive)
    Flag2_Receive                            0x200000a8   Data           1  uart.o(.bss.Flag2_Receive)
    Flag3_Receive                            0x200000a9   Data           1  uart.o(.bss.Flag3_Receive)
    humi                                     0x20000253   Data           1  main.o(.bss.humi)
    pxCurrentTCB                             0x200002f8   Data           4  tasks.o(.bss.pxCurrentTCB)
    temp                                     0x20000770   Data           1  main.o(.bss.temp)
    xQueue                                   0x20002c14   Data           4  main.o(.bss.xQueue)



==============================================================================

Memory Map of the image

  Image Entry point : 0x080000ed

  Load Region LR_IROM1 (Base: 0x08000000, Size: 0x00003a30, Max: 0x00010000, ABSOLUTE)

    Execution Region ER_IROM1 (Exec base: 0x08000000, Load base: 0x08000000, Size: 0x00003a28, Max: 0x00010000, ABSOLUTE)

    Exec Addr    Load Addr    Size         Type   Attr      Idx    E Section Name        Object

    0x08000000   0x08000000   0x000000ec   Data   RO          895    RESET               startup_stm32f10x_md.o
    0x080000ec   0x080000ec   0x00000008   Code   RO         1338  * !!!main             c_w.l(__main.o)
    0x080000f4   0x080000f4   0x00000034   Code   RO         1514    !!!scatter          c_w.l(__scatter.o)
    0x08000128   0x08000128   0x0000001a   Code   RO         1516    !!handler_copy      c_w.l(__scatter_copy.o)
    0x08000142   0x08000142   0x00000002   PAD
    0x08000144   0x08000144   0x0000001c   Code   RO         1518    !!handler_zi        c_w.l(__scatter_zi.o)
    0x08000160   0x08000160   0x00000000   Code   RO         1329    .ARM.Collect$$_printf_percent$$00000000  c_w.l(_printf_percent.o)
    0x08000160   0x08000160   0x00000006   Code   RO         1328    .ARM.Collect$$_printf_percent$$00000009  c_w.l(_printf_d.o)
    0x08000166   0x08000166   0x00000004   Code   RO         1347    .ARM.Collect$$_printf_percent$$00000017  c_w.l(_printf_percent_end.o)
    0x0800016a   0x0800016a   0x00000002   Code   RO         1376    .ARM.Collect$$libinit$$00000000  c_w.l(libinit.o)
    0x0800016c   0x0800016c   0x00000000   Code   RO         1383    .ARM.Collect$$libinit$$00000002  c_w.l(libinit2.o)
    0x0800016c   0x0800016c   0x00000000   Code   RO         1385    .ARM.Collect$$libinit$$00000004  c_w.l(libinit2.o)
    0x0800016c   0x0800016c   0x00000000   Code   RO         1387    .ARM.Collect$$libinit$$00000006  c_w.l(libinit2.o)
    0x0800016c   0x0800016c   0x00000000   Code   RO         1390    .ARM.Collect$$libinit$$0000000C  c_w.l(libinit2.o)
    0x0800016c   0x0800016c   0x00000000   Code   RO         1392    .ARM.Collect$$libinit$$0000000E  c_w.l(libinit2.o)
    0x0800016c   0x0800016c   0x00000000   Code   RO         1394    .ARM.Collect$$libinit$$00000010  c_w.l(libinit2.o)
    0x0800016c   0x0800016c   0x00000000   Code   RO         1397    .ARM.Collect$$libinit$$00000013  c_w.l(libinit2.o)
    0x0800016c   0x0800016c   0x00000000   Code   RO         1399    .ARM.Collect$$libinit$$00000015  c_w.l(libinit2.o)
    0x0800016c   0x0800016c   0x00000000   Code   RO         1401    .ARM.Collect$$libinit$$00000017  c_w.l(libinit2.o)
    0x0800016c   0x0800016c   0x00000000   Code   RO         1403    .ARM.Collect$$libinit$$00000019  c_w.l(libinit2.o)
    0x0800016c   0x0800016c   0x00000000   Code   RO         1405    .ARM.Collect$$libinit$$0000001B  c_w.l(libinit2.o)
    0x0800016c   0x0800016c   0x00000000   Code   RO         1407    .ARM.Collect$$libinit$$0000001D  c_w.l(libinit2.o)
    0x0800016c   0x0800016c   0x00000000   Code   RO         1409    .ARM.Collect$$libinit$$0000001F  c_w.l(libinit2.o)
    0x0800016c   0x0800016c   0x00000000   Code   RO         1411    .ARM.Collect$$libinit$$00000021  c_w.l(libinit2.o)
    0x0800016c   0x0800016c   0x00000000   Code   RO         1413    .ARM.Collect$$libinit$$00000023  c_w.l(libinit2.o)
    0x0800016c   0x0800016c   0x00000000   Code   RO         1415    .ARM.Collect$$libinit$$00000025  c_w.l(libinit2.o)
    0x0800016c   0x0800016c   0x00000000   Code   RO         1417    .ARM.Collect$$libinit$$00000027  c_w.l(libinit2.o)
    0x0800016c   0x0800016c   0x00000000   Code   RO         1421    .ARM.Collect$$libinit$$0000002E  c_w.l(libinit2.o)
    0x0800016c   0x0800016c   0x00000000   Code   RO         1423    .ARM.Collect$$libinit$$00000030  c_w.l(libinit2.o)
    0x0800016c   0x0800016c   0x00000000   Code   RO         1425    .ARM.Collect$$libinit$$00000032  c_w.l(libinit2.o)
    0x0800016c   0x0800016c   0x00000000   Code   RO         1427    .ARM.Collect$$libinit$$00000034  c_w.l(libinit2.o)
    0x0800016c   0x0800016c   0x00000002   Code   RO         1428    .ARM.Collect$$libinit$$00000035  c_w.l(libinit2.o)
    0x0800016e   0x0800016e   0x00000002   Code   RO         1450    .ARM.Collect$$libshutdown$$00000000  c_w.l(libshutdown.o)
    0x08000170   0x08000170   0x00000000   Code   RO         1465    .ARM.Collect$$libshutdown$$00000002  c_w.l(libshutdown2.o)
    0x08000170   0x08000170   0x00000000   Code   RO         1467    .ARM.Collect$$libshutdown$$00000004  c_w.l(libshutdown2.o)
    0x08000170   0x08000170   0x00000000   Code   RO         1470    .ARM.Collect$$libshutdown$$00000007  c_w.l(libshutdown2.o)
    0x08000170   0x08000170   0x00000000   Code   RO         1473    .ARM.Collect$$libshutdown$$0000000A  c_w.l(libshutdown2.o)
    0x08000170   0x08000170   0x00000000   Code   RO         1475    .ARM.Collect$$libshutdown$$0000000C  c_w.l(libshutdown2.o)
    0x08000170   0x08000170   0x00000000   Code   RO         1478    .ARM.Collect$$libshutdown$$0000000F  c_w.l(libshutdown2.o)
    0x08000170   0x08000170   0x00000002   Code   RO         1479    .ARM.Collect$$libshutdown$$00000010  c_w.l(libshutdown2.o)
    0x08000172   0x08000172   0x00000000   Code   RO         1340    .ARM.Collect$$rtentry$$00000000  c_w.l(__rtentry.o)
    0x08000172   0x08000172   0x00000000   Code   RO         1353    .ARM.Collect$$rtentry$$00000002  c_w.l(__rtentry2.o)
    0x08000172   0x08000172   0x00000006   Code   RO         1365    .ARM.Collect$$rtentry$$00000004  c_w.l(__rtentry4.o)
    0x08000178   0x08000178   0x00000008   Code   RO         1354    .ARM.Collect$$rtentry$$00000008  c_w.l(__rtentry2.o)
    0x08000180   0x08000180   0x00000004   Code   RO         1356    .ARM.Collect$$rtentry$$0000000A  c_w.l(__rtentry2.o)
    0x08000184   0x08000184   0x00000000   Code   RO         1358    .ARM.Collect$$rtentry$$0000000C  c_w.l(__rtentry2.o)
    0x08000184   0x08000184   0x00000008   Code   RO         1359    .ARM.Collect$$rtentry$$0000000D  c_w.l(__rtentry2.o)
    0x0800018c   0x0800018c   0x00000002   Code   RO         1380    .ARM.Collect$$rtexit$$00000000  c_w.l(rtexit.o)
    0x0800018e   0x0800018e   0x00000000   Code   RO         1430    .ARM.Collect$$rtexit$$00000002  c_w.l(rtexit2.o)
    0x0800018e   0x0800018e   0x00000004   Code   RO         1431    .ARM.Collect$$rtexit$$00000003  c_w.l(rtexit2.o)
    0x08000192   0x08000192   0x00000006   Code   RO         1432    .ARM.Collect$$rtexit$$00000004  c_w.l(rtexit2.o)
    0x08000198   0x08000198   0x00000040   Code   RO          896    .text               startup_stm32f10x_md.o
    0x080001d8   0x080001d8   0x00000028   Code   RO         1302    .text               c_w.l(noretval__2sprintf.o)
    0x08000200   0x08000200   0x00000068   Code   RO         1304    .text               c_w.l(__printf.o)
    0x08000268   0x08000268   0x00000078   Code   RO         1306    .text               c_w.l(_printf_dec.o)
    0x080002e0   0x080002e0   0x0000008a   Code   RO         1330    .text               c_w.l(rt_memcpy_v6.o)
    0x0800036a   0x0800036a   0x00000010   Code   RO         1332    .text               c_w.l(aeabi_memset4.o)
    0x0800037a   0x0800037a   0x00000044   Code   RO         1334    .text               c_w.l(rt_memclr.o)
    0x080003be   0x080003be   0x00000006   Code   RO         1336    .text               c_w.l(heapauxi.o)
    0x080003c4   0x080003c4   0x000000b2   Code   RO         1341    .text               c_w.l(_printf_intcommon.o)
    0x08000476   0x08000476   0x00000002   PAD
    0x08000478   0x08000478   0x00000030   Code   RO         1343    .text               c_w.l(_printf_char_common.o)
    0x080004a8   0x080004a8   0x0000000a   Code   RO         1345    .text               c_w.l(_sputc.o)
    0x080004b2   0x080004b2   0x00000064   Code   RO         1348    .text               c_w.l(rt_memcpy_w.o)
    0x08000516   0x08000516   0x0000004e   Code   RO         1350    .text               c_w.l(rt_memclr_w.o)
    0x08000564   0x08000564   0x0000004a   Code   RO         1369    .text               c_w.l(sys_stackheap_outer.o)
    0x080005ae   0x080005ae   0x00000012   Code   RO         1371    .text               c_w.l(exit.o)
    0x080005c0   0x080005c0   0x00000008   Code   RO         1377    .text               c_w.l(libspace.o)
    0x080005c8   0x080005c8   0x0000000c   Code   RO         1440    .text               c_w.l(sys_exit.o)
    0x080005d4   0x080005d4   0x00000002   Code   RO         1455    .text               c_w.l(use_no_semi.o)
    0x080005d6   0x080005d6   0x00000000   Code   RO         1457    .text               c_w.l(indicate_semi.o)
    0x080005d6   0x080005d6   0x00000002   PAD
    0x080005d8   0x080005d8   0x00000012   Code   RO          483    .text.ADC_AutoInjectedConvCmd  stm32f10x_adc.o
    0x080005ea   0x080005ea   0x00000002   PAD
    0x080005ec   0x080005ec   0x00000010   Code   RO          453    .text.ADC_Cmd       stm32f10x_adc.o
    0x080005fc   0x080005fc   0x0000000c   Code   RO          487    .text.ADC_ExternalTrigInjectedConvConfig  stm32f10x_adc.o
    0x08000608   0x08000608   0x00000008   Code   RO          465    .text.ADC_GetCalibrationStatus  stm32f10x_adc.o
    0x08000610   0x08000610   0x0000001a   Code   RO          501    .text.ADC_GetInjectedConversionValue  stm32f10x_adc.o
    0x0800062a   0x0800062a   0x00000002   PAD
    0x0800062c   0x0800062c   0x00000008   Code   RO          461    .text.ADC_GetResetCalibrationStatus  stm32f10x_adc.o
    0x08000634   0x08000634   0x00000054   Code   RO          449    .text.ADC_Init      stm32f10x_adc.o
    0x08000688   0x08000688   0x000000b6   Code   RO           60    .text.ADC_Inits     main.o
    0x0800073e   0x0800073e   0x00000002   PAD
    0x08000740   0x08000740   0x0000004e   Code   RO          495    .text.ADC_InjectedChannelConfig  stm32f10x_adc.o
    0x0800078e   0x0800078e   0x00000002   PAD
    0x08000790   0x08000790   0x00000016   Code   RO          497    .text.ADC_InjectedSequencerLengthConfig  stm32f10x_adc.o
    0x080007a6   0x080007a6   0x00000002   PAD
    0x080007a8   0x080007a8   0x0000000a   Code   RO          459    .text.ADC_ResetCalibration  stm32f10x_adc.o
    0x080007b2   0x080007b2   0x00000002   PAD
    0x080007b4   0x080007b4   0x00000012   Code   RO          491    .text.ADC_SoftwareStartInjectedConvCmd  stm32f10x_adc.o
    0x080007c6   0x080007c6   0x00000002   PAD
    0x080007c8   0x080007c8   0x0000000a   Code   RO          463    .text.ADC_StartCalibration  stm32f10x_adc.o
    0x080007d2   0x080007d2   0x00000002   PAD
    0x080007d4   0x080007d4   0x000000b0   Code   RO           30    .text.DHT11_Check   dht11.o
    0x08000884   0x08000884   0x0000003a   Code   RO           26    .text.DHT11_Init    dht11.o
    0x080008be   0x080008be   0x00000002   PAD
    0x080008c0   0x080008c0   0x000000a8   Code   RO           32    .text.DHT11_Read_Bit  dht11.o
    0x08000968   0x08000968   0x0000006e   Code   RO           36    .text.DHT11_Read_Data  dht11.o
    0x080009d6   0x080009d6   0x00000002   PAD
    0x080009d8   0x080009d8   0x00000088   Code   RO           28    .text.DHT11_Rst     dht11.o
    0x08000a60   0x08000a60   0x0000002e   Code   RO            6    .text.Fn_DELAY_Init  delay.o
    0x08000a8e   0x08000a8e   0x00000002   PAD
    0x08000a90   0x08000a90   0x000000c0   Code   RO          531    .text.GPIO_Init     stm32f10x_gpio.o
    0x08000b50   0x08000b50   0x0000000a   Code   RO          535    .text.GPIO_ReadInputDataBit  stm32f10x_gpio.o
    0x08000b5a   0x08000b5a   0x00000002   PAD
    0x08000b5c   0x08000b5c   0x00000004   Code   RO          545    .text.GPIO_ResetBits  stm32f10x_gpio.o
    0x08000b60   0x08000b60   0x00000004   Code   RO          543    .text.GPIO_SetBits  stm32f10x_gpio.o
    0x08000b64   0x08000b64   0x0000000c   Code   RO          547    .text.GPIO_WriteBit  stm32f10x_gpio.o
    0x08000b70   0x08000b70   0x00000040   Code   RO          174    .text.I2C_LCD_BackLight  i2c_lcd.o
    0x08000bb0   0x08000bb0   0x00000006   Code   RO          170    .text.I2C_LCD_Clear  i2c_lcd.o
    0x08000bb6   0x08000bb6   0x00000002   PAD
    0x08000bb8   0x08000bb8   0x0000024c   Code   RO          158    .text.I2C_LCD_Init  i2c_lcd.o
    0x08000e04   0x08000e04   0x00000006   Code   RO          172    .text.I2C_LCD_NewLine  i2c_lcd.o
    0x08000e0a   0x08000e0a   0x00000002   PAD
    0x08000e0c   0x08000e0c   0x0000001c   Code   RO          168    .text.I2C_LCD_Puts  i2c_lcd.o
    0x08000e28   0x08000e28   0x00000080   Code   RO          162    .text.I2C_LCD_WriteCmd  i2c_lcd.o
    0x08000ea8   0x08000ea8   0x00000084   Code   RO          160    .text.I2C_LCD_Write_4bit  i2c_lcd.o
    0x08000f2c   0x08000f2c   0x00000050   Code   RO          148    .text.I2C_Read      i2c.o
    0x08000f7c   0x08000f7c   0x0000003e   Code   RO          146    .text.I2C_Write     i2c.o
    0x08000fba   0x08000fba   0x00000002   PAD
    0x08000fbc   0x08000fbc   0x00000078   Code   RO           86    .text.INIT_UART_1   uart.o
    0x08001034   0x08001034   0x0000006c   Code   RO           90    .text.INIT_UART_3   uart.o
    0x080010a0   0x080010a0   0x0000016a   Code   RO          164    .text.LCD_WaitBusy  i2c_lcd.o
    0x0800120a   0x0800120a   0x00000002   PAD
    0x0800120c   0x0800120c   0x00000080   Code   RO          166    .text.LCD_Write_Chr  i2c_lcd.o
    0x0800128c   0x0800128c   0x00000038   Code   RO          144    .text.My_I2C_Init   i2c.o
    0x080012c4   0x080012c4   0x0000000c   PAD
    0x080012d0   0x080012d0   0x00000044   Code   RO          990    .text.PendSV_Handler  port.o
    0x08001314   0x08001314   0x00000014   Code   RO          602    .text.RCC_ADCCLKConfig  stm32f10x_rcc.o
    0x08001328   0x08001328   0x00000018   Code   RO          616    .text.RCC_APB2PeriphClockCmd  stm32f10x_rcc.o
    0x08001340   0x08001340   0x000000a0   Code   RO          612    .text.RCC_GetClocksFreq  stm32f10x_rcc.o
    0x080013e0   0x080013e0   0x00000024   Code   RO          976    .text.SVC_Handler   port.o
    0x08001404   0x08001404   0x0000005c   Code   RO           48    .text.SYS_Init      main.o
    0x08001460   0x08001460   0x0000001e   Code   RO          210    .text.SysTick_Handler  cmsis_os2.o
    0x0800147e   0x0800147e   0x00000002   PAD
    0x08001480   0x08001480   0x0000006e   Code   RO          905    .text.SystemCoreClockUpdate  system_stm32f10x.o
    0x080014ee   0x080014ee   0x00000002   PAD
    0x080014f0   0x080014f0   0x00000110   Code   RO          903    .text.SystemInit    system_stm32f10x.o
    0x08001600   0x08001600   0x00000044   Code   RO           54    .text.TaskGetControl  main.o
    0x08001644   0x08001644   0x00000112   Code   RO           50    .text.TaskReadSensor  main.o
    0x08001756   0x08001756   0x00000002   PAD
    0x08001758   0x08001758   0x00000084   Code   RO           52    .text.TaskSendSensor  main.o
    0x080017dc   0x080017dc   0x00000024   Code   RO           92    .text.UART1_SendString  uart.o
    0x08001800   0x08001800   0x00000050   Code   RO          106    .text.USART1_IRQHandler  uart.o
    0x08001850   0x08001850   0x00000050   Code   RO          108    .text.USART2_IRQHandler  uart.o
    0x080018a0   0x080018a0   0x00000050   Code   RO          110    .text.USART3_IRQHandler  uart.o
    0x080018f0   0x080018f0   0x00000024   Code   RO          192    .text._mutex_acquire  clib_arm.o
    0x08001914   0x08001914   0x00000030   Code   RO          196    .text._mutex_free   clib_arm.o
    0x08001944   0x08001944   0x0000005a   Code   RO          190    .text._mutex_initialize  clib_arm.o
    0x0800199e   0x0800199e   0x00000002   PAD
    0x080019a0   0x080019a0   0x00000026   Code   RO          194    .text._mutex_release  clib_arm.o
    0x080019c6   0x080019c6   0x00000002   PAD
    0x080019c8   0x080019c8   0x00000002   Code   RO          186    .text._platform_post_stackheap_init  clib_arm.o
    0x080019ca   0x080019ca   0x00000002   PAD
    0x080019cc   0x080019cc   0x00000034   Code   RO          130    .text.delay_ms      i2c.o
    0x08001a00   0x08001a00   0x00000164   Code   RO          142    .text.i2c_read      i2c.o
    0x08001b64   0x08001b64   0x000000bc   Code   RO          136    .text.i2c_start     i2c.o
    0x08001c20   0x08001c20   0x00000094   Code   RO          138    .text.i2c_stop      i2c.o
    0x08001cb4   0x08001cb4   0x00000168   Code   RO          140    .text.i2c_write     i2c.o
    0x08001e1c   0x08001e1c   0x0000008c   Code   RO           46    .text.main          main.o
    0x08001ea8   0x08001ea8   0x000000a6   Code   RO         1112    .text.prvAddCurrentTaskToDelayedList  tasks.o
    0x08001f4e   0x08001f4e   0x00000002   PAD
    0x08001f50   0x08001f50   0x00000132   Code   RO         1102    .text.prvAddNewTaskToReadyList  tasks.o
    0x08002082   0x08002082   0x00000002   PAD
    0x08002084   0x08002084   0x00000082   Code   RO         1136    .text.prvIdleTask   tasks.o
    0x08002106   0x08002106   0x00000002   PAD
    0x08002108   0x08002108   0x00000020   Code   RO          982    .text.prvPortStartFirstTask  port.o
    0x08002128   0x08002128   0x00000082   Code   RO         1280    .text.prvProcessExpiredTimer  timers.o
    0x080021aa   0x080021aa   0x00000002   PAD
    0x080021ac   0x080021ac   0x00000022   Code   RO          974    .text.prvTaskExitError  port.o
    0x080021ce   0x080021ce   0x00000002   PAD
    0x080021d0   0x080021d0   0x00000232   Code   RO         1242    .text.prvTimerTask  timers.o
    0x08002402   0x08002402   0x00000002   PAD
    0x08002404   0x08002404   0x00000074   Code   RO         1058    .text.prvUnlockQueue  queue.o
    0x08002478   0x08002478   0x00000174   Code   RO         1003    .text.pvPortMalloc  heap_4.o
    0x080025ec   0x080025ec   0x00000018   Code   RO         1194    .text.pvTaskIncrementMutexHeldCount  tasks.o
    0x08002604   0x08002604   0x00000020   Code   RO          972    .text.pxPortInitialiseStack  port.o
    0x08002624   0x08002624   0x00000024   Code   RO          962    .text.uxListRemove  list.o
    0x08002648   0x08002648   0x0000001a   Code   RO          358    .text.vApplicationGetIdleTaskMemory  cmsis_os2.o
    0x08002662   0x08002662   0x00000002   PAD
    0x08002664   0x08002664   0x0000001a   Code   RO          360    .text.vApplicationGetTimerTaskMemory  cmsis_os2.o
    0x0800267e   0x0800267e   0x00000002   PAD
    0x08002680   0x08002680   0x00000002   Code   RO          356    .text.vApplicationStackOverflowHook  cmsis_os2.o
    0x08002682   0x08002682   0x00000002   PAD
    0x08002684   0x08002684   0x00000016   Code   RO          954    .text.vListInitialise  list.o
    0x0800269a   0x0800269a   0x00000002   PAD
    0x0800269c   0x0800269c   0x00000006   Code   RO          956    .text.vListInitialiseItem  list.o
    0x080026a2   0x080026a2   0x00000002   PAD
    0x080026a4   0x080026a4   0x0000003a   Code   RO          960    .text.vListInsert   list.o
    0x080026de   0x080026de   0x00000002   PAD
    0x080026e0   0x080026e0   0x00000020   Code   RO          986    .text.vPortEnterCritical  port.o
    0x08002700   0x08002700   0x0000001a   Code   RO          988    .text.vPortExitCritical  port.o
    0x0800271a   0x0800271a   0x00000002   PAD
    0x0800271c   0x0800271c   0x0000009e   Code   RO         1005    .text.vPortFree     heap_4.o
    0x080027ba   0x080027ba   0x00000002   PAD
    0x080027bc   0x080027bc   0x00000034   Code   RO          980    .text.vPortSetupTimerInterrupt  port.o
    0x080027f0   0x080027f0   0x0000000e   Code   RO         1078    .text.vQueueDelete  queue.o
    0x080027fe   0x080027fe   0x00000002   PAD
    0x08002800   0x08002800   0x00000046   Code   RO         1090    .text.vQueueWaitForMessageRestricted  queue.o
    0x08002846   0x08002846   0x00000002   PAD
    0x08002848   0x08002848   0x00000096   Code   RO         1116    .text.vTaskDelay    tasks.o
    0x080028de   0x080028de   0x00000002   PAD
    0x080028e0   0x080028e0   0x0000001a   Code   RO         1168    .text.vTaskInternalSetTimeOutState  tasks.o
    0x080028fa   0x080028fa   0x00000002   PAD
    0x080028fc   0x080028fc   0x0000000e   Code   RO         1172    .text.vTaskMissedYield  tasks.o
    0x0800290a   0x0800290a   0x00000002   PAD
    0x0800290c   0x0800290c   0x00000020   Code   RO         1156    .text.vTaskPlaceOnEventList  tasks.o
    0x0800292c   0x0800292c   0x0000005a   Code   RO         1160    .text.vTaskPlaceOnEventListRestricted  tasks.o
    0x08002986   0x08002986   0x00000002   PAD
    0x08002988   0x08002988   0x00000080   Code   RO         1190    .text.vTaskPriorityDisinheritAfterTimeout  tasks.o
    0x08002a08   0x08002a08   0x00000094   Code   RO         1134    .text.vTaskStartScheduler  tasks.o
    0x08002a9c   0x08002a9c   0x00000010   Code   RO         1110    .text.vTaskSuspendAll  tasks.o
    0x08002aac   0x08002aac   0x000000ac   Code   RO         1128    .text.vTaskSwitchContext  tasks.o
    0x08002b58   0x08002b58   0x00000054   Code   RO          978    .text.xPortStartScheduler  port.o
    0x08002bac   0x08002bac   0x0000002e   Code   RO          992    .text.xPortSysTickHandler  port.o
    0x08002bda   0x08002bda   0x00000002   PAD
    0x08002bdc   0x08002bdc   0x00000028   Code   RO         1038    .text.xQueueCreateMutex  queue.o
    0x08002c04   0x08002c04   0x00000078   Code   RO         1040    .text.xQueueCreateMutexStatic  queue.o
    0x08002c7c   0x08002c7c   0x00000086   Code   RO         1036    .text.xQueueGenericCreate  queue.o
    0x08002d02   0x08002d02   0x00000002   PAD
    0x08002d04   0x08002d04   0x00000080   Code   RO         1034    .text.xQueueGenericCreateStatic  queue.o
    0x08002d84   0x08002d84   0x000001a2   Code   RO         1048    .text.xQueueGenericSend  queue.o
    0x08002f26   0x08002f26   0x00000002   PAD
    0x08002f28   0x08002f28   0x0000014c   Code   RO         1064    .text.xQueueReceive  queue.o
    0x08003074   0x08003074   0x0000017e   Code   RO         1052    .text.xQueueSemaphoreTake  queue.o
    0x080031f2   0x080031f2   0x00000002   PAD
    0x080031f4   0x080031f4   0x00000084   Code   RO         1170    .text.xTaskCheckForTimeOut  tasks.o
    0x08003278   0x08003278   0x000000d2   Code   RO         1104    .text.xTaskCreate   tasks.o
    0x0800334a   0x0800334a   0x00000002   PAD
    0x0800334c   0x0800334c   0x000000a8   Code   RO         1100    .text.xTaskCreateStatic  tasks.o
    0x080033f4   0x080033f4   0x00000026   Code   RO         1184    .text.xTaskGetSchedulerState  tasks.o
    0x0800341a   0x0800341a   0x00000002   PAD
    0x0800341c   0x0800341c   0x0000000c   Code   RO         1142    .text.xTaskGetTickCount  tasks.o
    0x08003428   0x08003428   0x00000196   Code   RO         1140    .text.xTaskIncrementTick  tasks.o
    0x080035be   0x080035be   0x00000002   PAD
    0x080035c0   0x080035c0   0x00000070   Code   RO         1188    .text.xTaskPriorityDisinherit  tasks.o
    0x08003630   0x08003630   0x000000a6   Code   RO         1186    .text.xTaskPriorityInherit  tasks.o
    0x080036d6   0x080036d6   0x00000002   PAD
    0x080036d8   0x080036d8   0x000000d8   Code   RO         1162    .text.xTaskRemoveFromEventList  tasks.o
    0x080037b0   0x080037b0   0x00000170   Code   RO         1114    .text.xTaskResumeAll  tasks.o
    0x08003920   0x08003920   0x000000b8   Code   RO         1240    .text.xTimerCreateTimerTask  timers.o
    0x080039d8   0x080039d8   0x00000004   Data   RO          637    .rodata.ADCPrescTable  stm32f10x_rcc.o
    0x080039dc   0x080039dc   0x00000010   Data   RO          908    .rodata.AHBPrescTable  system_stm32f10x.o
    0x080039ec   0x080039ec   0x00000010   Data   RO          636    .rodata.APBAHBPrescTable  stm32f10x_rcc.o
    0x080039fc   0x080039fc   0x00000005   Data   RO           65    .rodata.str1.1      main.o
    0x08003a01   0x08003a01   0x00000003   PAD
    0x08003a04   0x08003a04   0x00000004   Data   RO         1211    .rodata.uxTopUsedPriority  tasks.o
    0x08003a08   0x08003a08   0x00000020   Data   RO         1513    Region$$Table       anon$$obj.o


    Execution Region RW_IRAM1 (Exec base: 0x20000000, Load base: 0x08003a28, Size: 0x00003260, Max: 0x00005000, ABSOLUTE)

    Exec Addr    Load Addr    Size         Type   Attr      Idx    E Section Name        Object

    0x20000000   0x08003a28   0x00000004   Data   RW          907    .data.SystemCoreClock  system_stm32f10x.o
    0x20000004   0x08003a2c   0x00000004   Data   RW          994    .data.uxCriticalNesting  port.o
    0x20000008        -       0x00000060   Zero   RW         1378    .bss                c_w.l(libspace.o)
    0x20000068        -       0x00000014   Zero   RW          118    .bss.Array1_Receive  uart.o
    0x2000007c        -       0x00000014   Zero   RW          119    .bss.Array2_Receive  uart.o
    0x20000090        -       0x00000014   Zero   RW          120    .bss.Array3_Receive  uart.o
    0x200000a4        -       0x00000001   Zero   RW          113    .bss.Count1_Data    uart.o
    0x200000a5        -       0x00000001   Zero   RW          115    .bss.Count2_Data    uart.o
    0x200000a6        -       0x00000001   Zero   RW          117    .bss.Count3_Data    uart.o
    0x200000a7        -       0x00000001   Zero   RW          112    .bss.Flag1_Receive  uart.o
    0x200000a8        -       0x00000001   Zero   RW          114    .bss.Flag2_Receive  uart.o
    0x200000a9        -       0x00000001   Zero   RW          116    .bss.Flag3_Receive  uart.o
    0x200000aa   0x08003a30   0x00000002   PAD
    0x200000ac        -       0x00000190   Zero   RW          201    .bss.clib_mutex_cb  clib_arm.o
    0x2000023c        -       0x00000014   Zero   RW          200    .bss.clib_mutex_id  clib_arm.o
    0x20000250        -       0x00000002   Zero   RW           13    .bss.fac_ms         delay.o
    0x20000252        -       0x00000001   Zero   RW           12    .bss.fac_us         delay.o
    0x20000253        -       0x00000001   Zero   RW           67    .bss.humi           main.o
    0x20000254        -       0x00000050   Zero   RW         1290    .bss.prvCheckForValidListAndQueue.ucStaticTimerQueueStorage  timers.o
    0x200002a4        -       0x00000050   Zero   RW         1289    .bss.prvCheckForValidListAndQueue.xStaticTimerQueue  timers.o
    0x200002f4        -       0x00000004   Zero   RW         1286    .bss.prvSampleTimeNow.xLastTime  timers.o
    0x200002f8        -       0x00000004   Zero   RW         1210    .bss.pxCurrentTCB   tasks.o
    0x200002fc        -       0x00000004   Zero   RW         1284    .bss.pxCurrentTimerList  timers.o
    0x20000300        -       0x00000004   Zero   RW         1218    .bss.pxDelayedTaskList  tasks.o
    0x20000304        -       0x00000004   Zero   RW         1017    .bss.pxEnd          heap_4.o
    0x20000308        -       0x00000004   Zero   RW         1219    .bss.pxOverflowDelayedTaskList  tasks.o
    0x2000030c        -       0x00000004   Zero   RW         1285    .bss.pxOverflowTimerList  timers.o
    0x20000310        -       0x00000460   Zero   RW         1221    .bss.pxReadyTasksLists  tasks.o
    0x20000770        -       0x00000001   Zero   RW           66    .bss.temp           main.o
    0x20000771   0x08003a30   0x00000007   PAD
    0x20000778        -       0x00000008   Zero   RW          176    .bss.u8LCD_Buff     i2c_lcd.o
    0x20000780        -       0x00000001   Zero   RW          177    .bss.u8LcdTmp       i2c_lcd.o
    0x20000781        -       0x00002000   Zero   RW         1023    .bss.ucHeap         heap_4.o
    0x20002781   0x08003a30   0x00000003   PAD
    0x20002784        -       0x00000004   Zero   RW         1215    .bss.uxCurrentNumberOfTasks  tasks.o
    0x20002788        -       0x00000004   Zero   RW         1214    .bss.uxDeletedTasksWaitingCleanUp  tasks.o
    0x2000278c        -       0x00000004   Zero   RW         1223    .bss.uxSchedulerSuspended  tasks.o
    0x20002790        -       0x00000004   Zero   RW         1212    .bss.uxTaskNumber   tasks.o
    0x20002794        -       0x00000004   Zero   RW         1222    .bss.uxTopReadyPriority  tasks.o
    0x20002798        -       0x00000200   Zero   RW          364    .bss.vApplicationGetIdleTaskMemory.Idle_Stack  cmsis_os2.o
    0x20002998        -       0x0000005c   Zero   RW          363    .bss.vApplicationGetIdleTaskMemory.Idle_TCB  cmsis_os2.o
    0x200029f4        -       0x00000140   Zero   RW          366    .bss.vApplicationGetTimerTaskMemory.Timer_Stack  cmsis_os2.o
    0x20002b34        -       0x0000005c   Zero   RW          365    .bss.vApplicationGetTimerTaskMemory.Timer_TCB  cmsis_os2.o
    0x20002b90        -       0x00000014   Zero   RW         1287    .bss.xActiveTimerList1  timers.o
    0x20002ba4        -       0x00000014   Zero   RW         1288    .bss.xActiveTimerList2  timers.o
    0x20002bb8        -       0x00000014   Zero   RW         1230    .bss.xDelayedTaskList1  tasks.o
    0x20002bcc        -       0x00000014   Zero   RW         1231    .bss.xDelayedTaskList2  tasks.o
    0x20002be0        -       0x00000004   Zero   RW         1018    .bss.xFreeBytesRemaining  heap_4.o
    0x20002be4        -       0x00000004   Zero   RW         1226    .bss.xIdleTaskHandle  tasks.o
    0x20002be8        -       0x00000004   Zero   RW         1020    .bss.xMinimumEverFreeBytesRemaining  heap_4.o
    0x20002bec        -       0x00000004   Zero   RW         1227    .bss.xNextTaskUnblockTime  tasks.o
    0x20002bf0        -       0x00000004   Zero   RW         1229    .bss.xNumOfOverflows  tasks.o
    0x20002bf4        -       0x00000004   Zero   RW         1021    .bss.xNumberOfSuccessfulAllocations  heap_4.o
    0x20002bf8        -       0x00000004   Zero   RW         1022    .bss.xNumberOfSuccessfulFrees  heap_4.o
    0x20002bfc        -       0x00000004   Zero   RW         1228    .bss.xPendedTicks   tasks.o
    0x20002c00        -       0x00000014   Zero   RW         1225    .bss.xPendingReadyList  tasks.o
    0x20002c14        -       0x00000004   Zero   RW           64    .bss.xQueue         main.o
    0x20002c18        -       0x00000004   Zero   RW         1216    .bss.xSchedulerRunning  tasks.o
    0x20002c1c        -       0x00000008   Zero   RW         1019    .bss.xStart         heap_4.o
    0x20002c24        -       0x00000014   Zero   RW         1220    .bss.xSuspendedTaskList  tasks.o
    0x20002c38        -       0x00000014   Zero   RW         1213    .bss.xTasksWaitingTermination  tasks.o
    0x20002c4c        -       0x00000004   Zero   RW         1217    .bss.xTickCount     tasks.o
    0x20002c50        -       0x00000004   Zero   RW         1282    .bss.xTimerQueue    timers.o
    0x20002c54        -       0x00000004   Zero   RW         1283    .bss.xTimerTaskHandle  timers.o
    0x20002c58        -       0x00000004   Zero   RW         1224    .bss.xYieldPending  tasks.o
    0x20002c5c   0x08003a30   0x00000004   PAD
    0x20002c60        -       0x00000200   Zero   RW          894    HEAP                startup_stm32f10x_md.o
    0x20002e60        -       0x00000400   Zero   RW          893    STACK               startup_stm32f10x_md.o


==============================================================================

Image component sizes


      Code (inc. data)   RO Data    RW Data    ZI Data      Debug   Object Name

       214          0          0          0        420       4108   clib_arm.o
        84          0          0          0       1016      59241   cmsis_os2.o
        46          0          0          0          3       1841   delay.o
       648          0          0          0          0       4422   dht11.o
       530          0          0          0       8220       5253   heap_4.o
      1302          0          0          0          0       6004   i2c.o
      1442          0          0          0          9       5381   i2c_lcd.o
       122          0          0          0          0       2340   list.o
       888         32          5          0          6       5515   main.o
       442         12          0          4          0       2915   port.o
      1754          0          0          0          0      21379   queue.o
        64         26        236          0       1536        840   startup_stm32f10x_md.o
       310          0          0          0          0       9856   stm32f10x_adc.o
       222          0          0          0          0       6231   stm32f10x_gpio.o
       204          0         20          0          0       8575   stm32f10x_rcc.o
       382          0         16          4          0       2887   system_stm32f10x.o
      3230          8          4          0       1280      37388   tasks.o
       876         18          0          0        220      14291   timers.o
       504          0          0          0         66       6942   uart.o

    ----------------------------------------------------------------------
     13376         96        316          8      12792     205409   Object Totals
         0          0         32          0          0          0   (incl. Generated)
       112          0          3          0         16          0   (incl. Padding)

    ----------------------------------------------------------------------

      Code (inc. data)   RO Data    RW Data    ZI Data      Debug   Library Member Name

         8          0          0          0          0         68   __main.o
       104          0          0          0          0         84   __printf.o
         0          0          0          0          0          0   __rtentry.o
        20          0          0          0          0          0   __rtentry2.o
         6          0          0          0          0          0   __rtentry4.o
        52          8          0          0          0          0   __scatter.o
        26          0          0          0          0          0   __scatter_copy.o
        28          0          0          0          0          0   __scatter_zi.o
        48          6          0          0          0         96   _printf_char_common.o
         6          0          0          0          0          0   _printf_d.o
       120         16          0          0          0         92   _printf_dec.o
       178          0          0          0          0         88   _printf_intcommon.o
         0          0          0          0          0          0   _printf_percent.o
         4          0          0          0          0          0   _printf_percent_end.o
        10          0          0          0          0         68   _sputc.o
        16          0          0          0          0         68   aeabi_memset4.o
        18          0          0          0          0         80   exit.o
         6          0          0          0          0        152   heapauxi.o
         0          0          0          0          0          0   indicate_semi.o
         2          0          0          0          0          0   libinit.o
         2          0          0          0          0          0   libinit2.o
         2          0          0          0          0          0   libshutdown.o
         2          0          0          0          0          0   libshutdown2.o
         8          4          0          0         96         68   libspace.o
        40          6          0          0          0         84   noretval__2sprintf.o
        68          0          0          0          0         68   rt_memclr.o
        78          0          0          0          0         80   rt_memclr_w.o
       138          0          0          0          0         68   rt_memcpy_v6.o
       100          0          0          0          0         80   rt_memcpy_w.o
         2          0          0          0          0          0   rtexit.o
        10          0          0          0          0          0   rtexit2.o
        12          4          0          0          0         68   sys_exit.o
        74          0          0          0          0         80   sys_stackheap_outer.o
         2          0          0          0          0         68   use_no_semi.o

    ----------------------------------------------------------------------
      1196         44          0          0         96       1460   Library Totals
         6          0          0          0          0          0   (incl. Padding)

    ----------------------------------------------------------------------

      Code (inc. data)   RO Data    RW Data    ZI Data      Debug   Library Name

      1190         44          0          0         96       1460   c_w.l

    ----------------------------------------------------------------------
      1196         44          0          0         96       1460   Library Totals

    ----------------------------------------------------------------------

==============================================================================


      Code (inc. data)   RO Data    RW Data    ZI Data      Debug   

     14572        140        316          8      12888     205849   Grand Totals
     14572        140        316          8      12888     205849   ELF Image Totals
     14572        140        316          8          0          0   ROM Totals

==============================================================================

    Total RO  Size (Code + RO Data)                14888 (  14.54kB)
    Total RW  Size (RW Data + ZI Data)             12896 (  12.59kB)
    Total ROM Size (Code + RO Data + RW Data)      14896 (  14.55kB)

==============================================================================

